gpu_sampler: device 'NVIDIA GB10'
gpu_sampler: pid 2943893 -> /home/ccamp104/repositories/alignn-csp-ablation/supercon-alex-bond-angle-diffusion-line-graph-ablations-sep-2-2026/results/jarvis/2026-09-02_lgmatrix/_gputrace/csp-aggregate-lg-angle-state-matrix__13083__0.csv
repo:      /home/ccamp104/repositories/alignn-csp-ablation/alignn
runs:      /data/ccamp104/alignn_csp_lgmatrix/jarvis
python:    /data/ccamp104/envs/alignn2/bin/python
host:      atomgptlab04.wse.jhu.edu
job:       13083 array element none

=== lg-angle-state-matrix  (/data/ccamp104/alignn_csp_lgmatrix/jarvis)

lg-angle-state-matrix: Line graph x independently diffused bond-angle state (B3), crossed 2x2, on JARVIS Supercon-3D.
reproduces: Table 3 (tab:inverse_ablation), with the angular factor as a diffusion state rather than a derived target
variant: sym   groups: 4   with results: 4


group                                  loss            match             RMSD           ccRMSD          MAE abc          MAE ang              KLD   n
-----------------------------------------------------------------------------------------------------------------------------------------------------
neither                               7.148           0.4757            0.050            0.540            0.532            10.23           0.0234   1
line graph                            6.279           0.4466            0.044            0.543            0.489            11.12           0.0233   1
angle state                           7.159           0.4660            0.028            0.492            0.502            10.73           0.0240   1
line graph + angle state              6.573           0.4466            0.049            0.557            0.521            10.41           0.0231   1

  neither                   no angular channel at all; nine pair-graph convolutions (manuscript Table 3, arm B)
  line graph                angles as ALIGNN input features, no angular objective (manuscript Table 3, arm A; = A0)
  angle state               the bond-angle field as an independently diffused state with no line graph: the persistent triplet set is embedded, supervised with a score-matching loss, and coupled to coordinates through the shared trunk only (= B3 at alignn_layers=0)
  line graph + angle state  the proposed model: state is (F, L, Theta), independently corrupted, persistent triplets, smooth relevance gates, one joint denoiser, coupled through angles -> bonds -> atoms (= B3)

individual runs
  neither                            jarvis_nolg-seed0        loss 7.148  match 0.4757  RMSD 0.050  ccRMSD 0.540  MAE abc 0.532  MAE ang 10.23  KLD 0.0234
  neither                            jarvis_nolg-seed1        not scored yet
  neither                            jarvis_nolg-seed2        not scored yet
  line graph                         jarvis_A0-seed0          loss 6.279  match 0.4466  RMSD 0.044  ccRMSD 0.543  MAE abc 0.489  MAE ang 11.12  KLD 0.0233
  line graph                         jarvis_A0-seed1          not scored yet
  line graph                         jarvis_A0-seed2          not scored yet
  angle state                        jarvis_nolg_b3-seed0     loss 7.159  match 0.4660  RMSD 0.028  ccRMSD 0.492  MAE abc 0.502  MAE ang 10.73  KLD 0.0240
  angle state                        jarvis_nolg_b3-seed1     not scored yet
  angle state                        jarvis_nolg_b3-seed2     not scored yet
  line graph + angle state           jarvis_B3-seed0          loss 6.573  match 0.4466  RMSD 0.049  ccRMSD 0.557  MAE abc 0.521  MAE ang 10.41  KLD 0.0231
  line graph + angle state           jarvis_B3-seed1          not scored yet
  line graph + angle state           jarvis_B3-seed2          not scored yet

training cost
  arm                           params     wall time  x vs first
  neither                       3.75 M           26m        1.00
  line graph                    3.79 M           23m        0.89
  angle state                   3.85 M           29m        1.09
  line graph + angle state      3.85 M           30m        1.13

comparisons  (change of the second arm relative to the first)

  line graph, without an angle state
    neither  ->  line graph
      loss                  7.148 ->             6.279   -12.2%  better
      match                0.4757 ->            0.4466    -6.1%  worse
      RMSD                  0.050 ->             0.044   -13.1%  better
      ccRMSD                0.540 ->             0.543    +0.6%  worse
      MAE abc               0.532 ->             0.489    -8.1%  better
      MAE ang               10.23 ->             11.12    +8.6%  worse
      KLD                  0.0234 ->            0.0233    -0.4%  better

  line graph, with an angle state
    angle state  ->  line graph + angle state
      loss                  7.159 ->             6.573    -8.2%  better
      match                0.4660 ->            0.4466    -4.2%  worse
      RMSD                  0.028 ->             0.049   +77.6%  worse
      ccRMSD                0.492 ->             0.557   +13.2%  worse
      MAE abc               0.502 ->             0.521    +3.8%  worse
      MAE ang               10.73 ->             10.41    -2.9%  better
      KLD                  0.0240 ->            0.0231    -3.6%  better

  angle state, without a line graph
    neither  ->  angle state
      loss                  7.148 ->             7.159    +0.2%  worse
      match                0.4757 ->            0.4660    -2.0%  worse
      RMSD                  0.050 ->             0.028   -45.0%  better
      ccRMSD                0.540 ->             0.492    -8.8%  better
      MAE abc               0.532 ->             0.502    -5.6%  better
      MAE ang               10.23 ->             10.73    +4.8%  worse
      KLD                  0.0234 ->            0.0240    +2.3%  worse

  angle state, with a line graph
    line graph  ->  line graph + angle state
      loss                  6.279 ->             6.573    +4.7%  worse
      match                0.4466 ->            0.4466    +0.0%  unchanged
      RMSD                  0.044 ->             0.049   +12.3%  worse
      ccRMSD                0.543 ->             0.557    +2.7%  worse
      MAE abc               0.489 ->             0.521    +6.6%  worse
      MAE ang               11.12 ->             10.41    -6.3%  better
      KLD                  0.0233 ->            0.0231    -1.0%  better

  both together, against neither
    neither  ->  line graph + angle state
      loss                  7.148 ->             6.573    -8.0%  better
      match                0.4757 ->            0.4466    -6.1%  worse
      RMSD                  0.050 ->             0.049    -2.3%  better
      ccRMSD                0.540 ->             0.557    +3.2%  worse
      MAE abc               0.532 ->             0.521    -2.0%  better
      MAE ang               10.23 ->             10.41    +1.7%  worse
      KLD                  0.0234 ->            0.0231    -1.4%  better

% ---- LaTeX ----
\begin{tabular}{lccccccc}
\hline
Run & Denoising loss $\downarrow$ & Match rate $\uparrow$ & Coordinate RMSD (\AA) $\downarrow$ & ccRMSD $\downarrow$ & Lattice MAE, $abc$ (\AA) $\downarrow$ & Lattice MAE, angles ($^{\circ}$) $\downarrow$ & KLD $\downarrow$ \\
\hline
neither & $7.148$ & $0.4757$ & $0.050$ & $0.540$ & $0.532$ & $10.23$ & $0.0234$ \\
line graph & $6.279$ & $0.4466$ & $0.044$ & $0.543$ & $0.489$ & $11.12$ & $0.0233$ \\
angle state & $7.159$ & $0.4660$ & $0.028$ & $0.492$ & $0.502$ & $10.73$ & $0.0240$ \\
line graph + angle state & $6.573$ & $0.4466$ & $0.049$ & $0.557$ & $0.521$ & $10.41$ & $0.0231$ \\
\hline
\end{tabular}


=== lg-angle-state-matrix complete: 2026-09-04T20:33:49-04:00
