gpu_sampler: device 'NVIDIA GB10'
gpu_sampler: pid 2652586 -> /home/ccamp104/repositories/alignn-csp-ablation/supercon-alex-bond-angle-diffusion-line-graph-ablations-sep-2-2026/results/jarvis/2026-09-02_lgmatrix/_gputrace/csp-lg-angle-state-matrix-u3__12969__0.csv
repo:      /home/ccamp104/repositories/alignn-csp-ablation/alignn
runs:      /data/ccamp104/alignn_csp_lgmatrix/jarvis
python:    /data/ccamp104/envs/alignn2/bin/python
host:      atomgptlab04.wse.jhu.edu
job:       12969 array element none

=== unit jarvis_B3-seed0  ->  /data/ccamp104/alignn_csp_lgmatrix/jarvis/train/jarvis_B3/seed0
[jarvis_B3-seed0/train] $ python -u -m alignn.inverse.train_csp --data-dir /data/ccamp104/alignn_csp_lgmatrix/jarvis/data/jarvis --output /data/ccamp104/alignn_csp_lgmatrix/jarvis/train/jarvis_B3/seed0 --epochs 3000 --seed 0 --ablation B3 --alignn-layers 3 --gcn-layers 3 --hidden-features 256 --knn 12 --num-steps 1000 --batch-size 64 --lr 1e-3 --augment 0 --device cuda --log-every 25 --select-on structural
train=847 val=105
normalizer: {"lattice_mean": [0.8832569122314453, 0.8832569122314453, 0.8832569122314453, 0.0, 0.0, 0.0], "lattice_std": [0.22021067142486572, 0.22021067142486572, 0.22021067142486572, 0.19299998879432678, 0.19299998879432678, 0.19299998879432678], "prop_mean": 3.680598969287708, "prop_std": 4.752574244852478}
ablation B3: proposed: state is (F, L, Theta), independently corrupted, persistent triplets, smooth relevance gates, one joint denoiser
denoiser: {"hidden_features": 256, "alignn_layers": 3, "gcn_layers": 3, "knn": 12, "num_steps": 1000, "angle_mode": "independent", "angle_feedback": true, "topology": "radius", "gate_pair_messages": true, "angle_diffusion": true, "angle_state_basis": "fourier", "angle_state_harmonics": 8}
parameters: 3.85M  modalities: ['prop', 'composition']
epoch     1  train 10.3676 (lat 0.9737 frac 0.8544)  val 9.8345 (lat 0.9961 frac 0.7991) ang 0.8496/0.8474  best 8.9870  1s
    frac  vs baseline: [1-300) 1.032->1.032  [300-600) 1.032->1.032  [600-800) 1.005->1.005  [800-1000) 0.258->0.258
    angle vs baseline: [1-300) 1.003->1.003  [300-600) 1.003->1.003  [600-800) 0.969->0.969  [800-1000) 0.259->0.259
epoch    25  train 8.1461 (lat 0.3981 frac 0.7109)  val 9.6837 (lat 0.9756 frac 0.7875) ang 0.6394/0.8335  best 8.8502  14s
    frac  vs baseline: [1-300) 1.032->1.014  [300-600) 1.032->1.018  [600-800) 1.005->0.995  [800-1000) 0.258->0.257
    angle vs baseline: [1-300) 1.003->0.996  [300-600) 1.003->0.990  [600-800) 0.969->0.944  [800-1000) 0.259->0.247
epoch    50  train 7.8886 (lat 0.3187 frac 0.7007)  val 9.2082 (lat 0.8602 frac 0.7565) ang 0.5634/0.7829  best 8.4253  28s
    frac  vs baseline: [1-300) 1.032->0.960  [300-600) 1.032->0.975  [600-800) 1.005->0.969  [800-1000) 0.258->0.258
    angle vs baseline: [1-300) 1.003->0.966  [300-600) 1.003->0.943  [600-800) 0.969->0.856  [800-1000) 0.259->0.209
epoch    75  train 7.6204 (lat 0.2890 frac 0.6790)  val 8.6169 (lat 0.6779 frac 0.7233) ang 0.5419/0.7064  best 7.9105  42s
    frac  vs baseline: [1-300) 1.032->0.900  [300-600) 1.032->0.923  [600-800) 1.005->0.942  [800-1000) 0.258->0.259
    angle vs baseline: [1-300) 1.003->0.900  [300-600) 1.003->0.868  [600-800) 0.969->0.726  [800-1000) 0.259->0.176
epoch   100  train 7.4029 (lat 0.2772 frac 0.6608)  val 8.0381 (lat 0.5303 frac 0.6883) ang 0.5176/0.6246  best 7.4136  55s
    frac  vs baseline: [1-300) 1.032->0.840  [300-600) 1.032->0.864  [600-800) 1.005->0.913  [800-1000) 0.258->0.259
    angle vs baseline: [1-300) 1.003->0.802  [300-600) 1.003->0.784  [600-800) 0.969->0.612  [800-1000) 0.259->0.158
epoch   125  train 7.1880 (lat 0.2526 frac 0.6457)  val 7.5740 (lat 0.4481 frac 0.6563) ang 0.4781/0.5627  best 7.0112  71s
    frac  vs baseline: [1-300) 1.032->0.786  [300-600) 1.032->0.810  [600-800) 1.005->0.890  [800-1000) 0.258->0.259
    angle vs baseline: [1-300) 1.003->0.724  [300-600) 1.003->0.717  [600-800) 0.969->0.547  [800-1000) 0.259->0.143
epoch   150  train 7.0407 (lat 0.2525 frac 0.6328)  val 7.2641 (lat 0.3997 frac 0.6341) ang 0.4606/0.5235  best 6.7407  90s
    frac  vs baseline: [1-300) 1.032->0.747  [300-600) 1.032->0.778  [600-800) 1.005->0.878  [800-1000) 0.258->0.259
    angle vs baseline: [1-300) 1.003->0.670  [300-600) 1.003->0.665  [600-800) 0.969->0.509  [800-1000) 0.259->0.133
epoch   175  train 6.7382 (lat 0.1852 frac 0.6120)  val 7.0433 (lat 0.3677 frac 0.6184) ang 0.4328/0.4919  best 6.5514  109s
    frac  vs baseline: [1-300) 1.032->0.721  [300-600) 1.032->0.760  [600-800) 1.005->0.872  [800-1000) 0.258->0.258
    angle vs baseline: [1-300) 1.003->0.620  [300-600) 1.003->0.621  [600-800) 0.969->0.484  [800-1000) 0.259->0.126
epoch   200  train 6.5625 (lat 0.1731 frac 0.5948)  val 6.8740 (lat 0.3462 frac 0.6062) ang 0.4411/0.4653  best 6.4087  127s
    frac  vs baseline: [1-300) 1.032->0.706  [300-600) 1.032->0.750  [600-800) 1.005->0.869  [800-1000) 0.258->0.257
    angle vs baseline: [1-300) 1.003->0.583  [300-600) 1.003->0.586  [600-800) 0.969->0.462  [800-1000) 0.259->0.122
epoch   225  train 6.2439 (lat 0.1509 frac 0.5710)  val 6.7426 (lat 0.3335 frac 0.5967) ang 0.3835/0.4419  best 6.3006  146s
    frac  vs baseline: [1-300) 1.032->0.693  [300-600) 1.032->0.741  [600-800) 1.005->0.867  [800-1000) 0.258->0.257
    angle vs baseline: [1-300) 1.003->0.552  [300-600) 1.003->0.556  [600-800) 0.969->0.443  [800-1000) 0.259->0.119
epoch   250  train 5.9740 (lat 0.1418 frac 0.5457)  val 6.6546 (lat 0.3243 frac 0.5907) ang 0.3751/0.4229  best 6.2317  165s
    frac  vs baseline: [1-300) 1.032->0.684  [300-600) 1.032->0.733  [600-800) 1.005->0.864  [800-1000) 0.258->0.257
    angle vs baseline: [1-300) 1.003->0.526  [300-600) 1.003->0.533  [600-800) 0.969->0.429  [800-1000) 0.259->0.118
epoch   275  train 5.7579 (lat 0.1245 frac 0.5273)  val 6.5900 (lat 0.3236 frac 0.5858) ang 0.3603/0.4084  best 6.1815  184s
    frac  vs baseline: [1-300) 1.032->0.680  [300-600) 1.032->0.730  [600-800) 1.005->0.864  [800-1000) 0.258->0.257
    angle vs baseline: [1-300) 1.003->0.505  [300-600) 1.003->0.517  [600-800) 0.969->0.420  [800-1000) 0.259->0.117
epoch   300  train 5.5751 (lat 0.1339 frac 0.5075)  val 6.5793 (lat 0.3259 frac 0.5857) ang 0.3658/0.3966  best 6.1718  201s
    frac  vs baseline: [1-300) 1.032->0.679  [300-600) 1.032->0.730  [600-800) 1.005->0.865  [800-1000) 0.258->0.256
    angle vs baseline: [1-300) 1.003->0.489  [300-600) 1.003->0.504  [600-800) 0.969->0.412  [800-1000) 0.259->0.116
epoch   325  train 5.3117 (lat 0.1170 frac 0.4840)  val 6.6160 (lat 0.3302 frac 0.5897) ang 0.3546/0.3883  best 6.1718  216s
    frac  vs baseline: [1-300) 1.032->0.684  [300-600) 1.032->0.735  [600-800) 1.005->0.868  [800-1000) 0.258->0.256
    angle vs baseline: [1-300) 1.003->0.476  [300-600) 1.003->0.493  [600-800) 0.969->0.406  [800-1000) 0.259->0.115
epoch   350  train 5.1284 (lat 0.1125 frac 0.4668)  val 6.6927 (lat 0.3372 frac 0.5974) ang 0.3479/0.3813  best 6.1718  230s
    frac  vs baseline: [1-300) 1.032->0.690  [300-600) 1.032->0.746  [600-800) 1.005->0.876  [800-1000) 0.258->0.256
    angle vs baseline: [1-300) 1.003->0.466  [300-600) 1.003->0.485  [600-800) 0.969->0.401  [800-1000) 0.259->0.114
epoch   375  train 4.7443 (lat 0.0944 frac 0.4315)  val 6.7810 (lat 0.3440 frac 0.6061) ang 0.3349/0.3758  best 6.1718  245s
    frac  vs baseline: [1-300) 1.032->0.699  [300-600) 1.032->0.757  [600-800) 1.005->0.888  [800-1000) 0.258->0.256
    angle vs baseline: [1-300) 1.003->0.457  [300-600) 1.003->0.477  [600-800) 0.969->0.397  [800-1000) 0.259->0.114
epoch   400  train 4.5402 (lat 0.0871 frac 0.4126)  val 6.8761 (lat 0.3519 frac 0.6152) ang 0.3273/0.3727  best 6.1718  260s
    frac  vs baseline: [1-300) 1.032->0.707  [300-600) 1.032->0.769  [600-800) 1.005->0.902  [800-1000) 0.258->0.257
    angle vs baseline: [1-300) 1.003->0.448  [300-600) 1.003->0.470  [600-800) 0.969->0.394  [800-1000) 0.259->0.113
epoch   425  train 4.3506 (lat 0.0790 frac 0.3948)  val 6.9899 (lat 0.3599 frac 0.6260) ang 0.3233/0.3700  best 6.1718  275s
    frac  vs baseline: [1-300) 1.032->0.713  [300-600) 1.032->0.780  [600-800) 1.005->0.920  [800-1000) 0.258->0.257
    angle vs baseline: [1-300) 1.003->0.443  [300-600) 1.003->0.464  [600-800) 0.969->0.392  [800-1000) 0.259->0.112
epoch   450  train 4.1849 (lat 0.0832 frac 0.3779)  val 7.1506 (lat 0.3669 frac 0.6416) ang 0.3222/0.3678  best 6.1718  290s
    frac  vs baseline: [1-300) 1.032->0.717  [300-600) 1.032->0.791  [600-800) 1.005->0.940  [800-1000) 0.258->0.258
    angle vs baseline: [1-300) 1.003->0.437  [300-600) 1.003->0.460  [600-800) 0.969->0.391  [800-1000) 0.259->0.112
epoch   475  train 3.9971 (lat 0.0732 frac 0.3610)  val 7.3067 (lat 0.3712 frac 0.6569) ang 0.3139/0.3667  best 6.1718  305s
    frac  vs baseline: [1-300) 1.032->0.723  [300-600) 1.032->0.796  [600-800) 1.005->0.958  [800-1000) 0.258->0.259
    angle vs baseline: [1-300) 1.003->0.432  [300-600) 1.003->0.458  [600-800) 0.969->0.391  [800-1000) 0.259->0.112
epoch   500  train 3.8762 (lat 0.0720 frac 0.3496)  val 7.4307 (lat 0.3788 frac 0.6686) ang 0.3085/0.3654  best 6.1718  319s
    frac  vs baseline: [1-300) 1.032->0.729  [300-600) 1.032->0.801  [600-800) 1.005->0.976  [800-1000) 0.258->0.259
    angle vs baseline: [1-300) 1.003->0.430  [300-600) 1.003->0.456  [600-800) 0.969->0.390  [800-1000) 0.259->0.112
epoch   525  train 3.6465 (lat 0.0714 frac 0.3266)  val 7.5604 (lat 0.3885 frac 0.6807) ang 0.3089/0.3647  best 6.1718  334s
    frac  vs baseline: [1-300) 1.032->0.734  [300-600) 1.032->0.807  [600-800) 1.005->0.994  [800-1000) 0.258->0.260
    angle vs baseline: [1-300) 1.003->0.429  [300-600) 1.003->0.454  [600-800) 0.969->0.390  [800-1000) 0.259->0.112
epoch   550  train 3.6016 (lat 0.0635 frac 0.3234)  val 7.7054 (lat 0.3980 frac 0.6944) ang 0.3045/0.3631  best 6.1718  349s
    frac  vs baseline: [1-300) 1.032->0.738  [300-600) 1.032->0.815  [600-800) 1.005->1.016  [800-1000) 0.258->0.262
    angle vs baseline: [1-300) 1.003->0.427  [300-600) 1.003->0.453  [600-800) 0.969->0.390  [800-1000) 0.259->0.112
epoch   575  train 3.3241 (lat 0.0660 frac 0.2958)  val 7.7974 (lat 0.4078 frac 0.7027) ang 0.3003/0.3625  best 6.1718  364s
    frac  vs baseline: [1-300) 1.032->0.742  [300-600) 1.032->0.820  [600-800) 1.005->1.029  [800-1000) 0.258->0.264
    angle vs baseline: [1-300) 1.003->0.425  [300-600) 1.003->0.452  [600-800) 0.969->0.390  [800-1000) 0.259->0.112
epoch   600  train 3.1204 (lat 0.0591 frac 0.2766)  val 7.9132 (lat 0.4165 frac 0.7135) ang 0.2953/0.3621  best 6.1718  379s
    frac  vs baseline: [1-300) 1.032->0.746  [300-600) 1.032->0.828  [600-800) 1.005->1.045  [800-1000) 0.258->0.266
    angle vs baseline: [1-300) 1.003->0.424  [300-600) 1.003->0.452  [600-800) 0.969->0.390  [800-1000) 0.259->0.112
epoch   625  train 3.1561 (lat 0.0599 frac 0.2798)  val 7.9814 (lat 0.4207 frac 0.7199) ang 0.2979/0.3615  best 6.1718  394s
    frac  vs baseline: [1-300) 1.032->0.749  [300-600) 1.032->0.836  [600-800) 1.005->1.051  [800-1000) 0.258->0.269
    angle vs baseline: [1-300) 1.003->0.424  [300-600) 1.003->0.451  [600-800) 0.969->0.391  [800-1000) 0.259->0.113
epoch   650  train 2.8921 (lat 0.0584 frac 0.2536)  val 8.0583 (lat 0.4205 frac 0.7277) ang 0.2975/0.3611  best 6.1718  409s
    frac  vs baseline: [1-300) 1.032->0.754  [300-600) 1.032->0.838  [600-800) 1.005->1.056  [800-1000) 0.258->0.271
    angle vs baseline: [1-300) 1.003->0.425  [300-600) 1.003->0.451  [600-800) 0.969->0.391  [800-1000) 0.259->0.113
epoch   675  train 2.9564 (lat 0.0585 frac 0.2603)  val 8.1636 (lat 0.4230 frac 0.7380) ang 0.2947/0.3604  best 6.1718  423s
    frac  vs baseline: [1-300) 1.032->0.763  [300-600) 1.032->0.846  [600-800) 1.005->1.065  [800-1000) 0.258->0.273
    angle vs baseline: [1-300) 1.003->0.425  [300-600) 1.003->0.450  [600-800) 0.969->0.391  [800-1000) 0.259->0.112
epoch   700  train 2.8765 (lat 0.0554 frac 0.2531)  val 8.2541 (lat 0.4248 frac 0.7470) ang 0.2902/0.3595  best 6.1718  438s
    frac  vs baseline: [1-300) 1.032->0.770  [300-600) 1.032->0.851  [600-800) 1.005->1.071  [800-1000) 0.258->0.275
    angle vs baseline: [1-300) 1.003->0.423  [300-600) 1.003->0.449  [600-800) 0.969->0.392  [800-1000) 0.259->0.112
epoch   725  train 2.6236 (lat 0.0495 frac 0.2286)  val 8.3555 (lat 0.4281 frac 0.7569) ang 0.2884/0.3588  best 6.1718  453s
    frac  vs baseline: [1-300) 1.032->0.781  [300-600) 1.032->0.855  [600-800) 1.005->1.076  [800-1000) 0.258->0.275
    angle vs baseline: [1-300) 1.003->0.422  [300-600) 1.003->0.449  [600-800) 0.969->0.391  [800-1000) 0.259->0.113
epoch   750  train 2.6714 (lat 0.0486 frac 0.2338)  val 8.4685 (lat 0.4315 frac 0.7678) ang 0.2844/0.3586  best 6.1718  468s
    frac  vs baseline: [1-300) 1.032->0.787  [300-600) 1.032->0.858  [600-800) 1.005->1.081  [800-1000) 0.258->0.277
    angle vs baseline: [1-300) 1.003->0.422  [300-600) 1.003->0.448  [600-800) 0.969->0.392  [800-1000) 0.259->0.113
epoch   775  train 2.5263 (lat 0.0520 frac 0.2190)  val 8.5547 (lat 0.4343 frac 0.7762) ang 0.2844/0.3583  best 6.1718  483s
    frac  vs baseline: [1-300) 1.032->0.791  [300-600) 1.032->0.859  [600-800) 1.005->1.088  [800-1000) 0.258->0.279
    angle vs baseline: [1-300) 1.003->0.421  [300-600) 1.003->0.448  [600-800) 0.969->0.392  [800-1000) 0.259->0.113
epoch   800  train 2.4997 (lat 0.0524 frac 0.2165)  val 8.6134 (lat 0.4394 frac 0.7815) ang 0.2819/0.3588  best 6.1718  498s
    frac  vs baseline: [1-300) 1.032->0.795  [300-600) 1.032->0.863  [600-800) 1.005->1.095  [800-1000) 0.258->0.281
    angle vs baseline: [1-300) 1.003->0.421  [300-600) 1.003->0.449  [600-800) 0.969->0.393  [800-1000) 0.259->0.113
epoch   825  train 2.5284 (lat 0.0433 frac 0.2207)  val 8.6917 (lat 0.4422 frac 0.7891) ang 0.2777/0.3588  best 6.1718  512s
    frac  vs baseline: [1-300) 1.032->0.799  [300-600) 1.032->0.866  [600-800) 1.005->1.102  [800-1000) 0.258->0.285
    angle vs baseline: [1-300) 1.003->0.422  [300-600) 1.003->0.449  [600-800) 0.969->0.393  [800-1000) 0.259->0.113
epoch   850  train 2.2962 (lat 0.0425 frac 0.1977)  val 8.7236 (lat 0.4455 frac 0.7919) ang 0.2771/0.3595  best 6.1718  527s
    frac  vs baseline: [1-300) 1.032->0.805  [300-600) 1.032->0.873  [600-800) 1.005->1.105  [800-1000) 0.258->0.289
    angle vs baseline: [1-300) 1.003->0.423  [300-600) 1.003->0.449  [600-800) 0.969->0.393  [800-1000) 0.259->0.113
epoch   875  train 2.4738 (lat 0.0484 frac 0.2150)  val 8.7677 (lat 0.4447 frac 0.7963) ang 0.2755/0.3605  best 6.1718  542s
    frac  vs baseline: [1-300) 1.032->0.807  [300-600) 1.032->0.876  [600-800) 1.005->1.109  [800-1000) 0.258->0.292
    angle vs baseline: [1-300) 1.003->0.424  [300-600) 1.003->0.448  [600-800) 0.969->0.393  [800-1000) 0.259->0.113
epoch   900  train 2.4963 (lat 0.0483 frac 0.2171)  val 8.7968 (lat 0.4443 frac 0.7992) ang 0.2773/0.3610  best 6.1718  557s
    frac  vs baseline: [1-300) 1.032->0.813  [300-600) 1.032->0.881  [600-800) 1.005->1.109  [800-1000) 0.258->0.293
    angle vs baseline: [1-300) 1.003->0.425  [300-600) 1.003->0.448  [600-800) 0.969->0.393  [800-1000) 0.259->0.113
epoch   925  train 2.2599 (lat 0.0425 frac 0.1942)  val 8.8154 (lat 0.4451 frac 0.8008) ang 0.2752/0.3619  best 6.1718  572s
    frac  vs baseline: [1-300) 1.032->0.817  [300-600) 1.032->0.885  [600-800) 1.005->1.115  [800-1000) 0.258->0.294
    angle vs baseline: [1-300) 1.003->0.426  [300-600) 1.003->0.449  [600-800) 0.969->0.393  [800-1000) 0.259->0.113
epoch   950  train 2.1479 (lat 0.0405 frac 0.1832)  val 8.8351 (lat 0.4438 frac 0.8029) ang 0.2757/0.3621  best 6.1718  587s
    frac  vs baseline: [1-300) 1.032->0.821  [300-600) 1.032->0.890  [600-800) 1.005->1.121  [800-1000) 0.258->0.297
    angle vs baseline: [1-300) 1.003->0.426  [300-600) 1.003->0.449  [600-800) 0.969->0.393  [800-1000) 0.259->0.113
epoch   975  train 2.1775 (lat 0.0373 frac 0.1869)  val 8.8687 (lat 0.4459 frac 0.8061) ang 0.2711/0.3619  best 6.1718  602s
    frac  vs baseline: [1-300) 1.032->0.824  [300-600) 1.032->0.894  [600-800) 1.005->1.131  [800-1000) 0.258->0.297
    angle vs baseline: [1-300) 1.003->0.428  [300-600) 1.003->0.449  [600-800) 0.969->0.393  [800-1000) 0.259->0.114
epoch  1000  train 2.0513 (lat 0.0374 frac 0.1746)  val 8.9235 (lat 0.4473 frac 0.8114) ang 0.2676/0.3618  best 6.1718  617s
    frac  vs baseline: [1-300) 1.032->0.829  [300-600) 1.032->0.897  [600-800) 1.005->1.139  [800-1000) 0.258->0.300
    angle vs baseline: [1-300) 1.003->0.429  [300-600) 1.003->0.449  [600-800) 0.969->0.393  [800-1000) 0.259->0.113
epoch  1025  train 2.0952 (lat 0.0377 frac 0.1791)  val 8.9820 (lat 0.4456 frac 0.8174) ang 0.2664/0.3623  best 6.1718  631s
    frac  vs baseline: [1-300) 1.032->0.832  [300-600) 1.032->0.898  [600-800) 1.005->1.145  [800-1000) 0.258->0.301
    angle vs baseline: [1-300) 1.003->0.429  [300-600) 1.003->0.450  [600-800) 0.969->0.393  [800-1000) 0.259->0.113
epoch  1050  train 1.8460 (lat 0.0341 frac 0.1546)  val 9.0263 (lat 0.4488 frac 0.8214) ang 0.2658/0.3631  best 6.1718  646s
    frac  vs baseline: [1-300) 1.032->0.832  [300-600) 1.032->0.896  [600-800) 1.005->1.145  [800-1000) 0.258->0.301
    angle vs baseline: [1-300) 1.003->0.429  [300-600) 1.003->0.451  [600-800) 0.969->0.394  [800-1000) 0.259->0.113
epoch  1075  train 2.0062 (lat 0.0356 frac 0.1709)  val 9.0676 (lat 0.4470 frac 0.8257) ang 0.2614/0.3638  best 6.1718  661s
    frac  vs baseline: [1-300) 1.032->0.833  [300-600) 1.032->0.896  [600-800) 1.005->1.146  [800-1000) 0.258->0.303
    angle vs baseline: [1-300) 1.003->0.431  [300-600) 1.003->0.451  [600-800) 0.969->0.394  [800-1000) 0.259->0.113
epoch  1100  train 1.7745 (lat 0.0352 frac 0.1476)  val 9.1499 (lat 0.4450 frac 0.8341) ang 0.2631/0.3642  best 6.1718  676s
    frac  vs baseline: [1-300) 1.032->0.836  [300-600) 1.032->0.898  [600-800) 1.005->1.145  [800-1000) 0.258->0.305
    angle vs baseline: [1-300) 1.003->0.431  [300-600) 1.003->0.452  [600-800) 0.969->0.394  [800-1000) 0.259->0.113
epoch  1125  train 1.9810 (lat 0.0343 frac 0.1689)  val 9.1432 (lat 0.4400 frac 0.8339) ang 0.2578/0.3644  best 6.1718  691s
    frac  vs baseline: [1-300) 1.032->0.838  [300-600) 1.032->0.900  [600-800) 1.005->1.144  [800-1000) 0.258->0.307
    angle vs baseline: [1-300) 1.003->0.434  [300-600) 1.003->0.453  [600-800) 0.969->0.394  [800-1000) 0.259->0.113
epoch  1150  train 1.8751 (lat 0.0329 frac 0.1585)  val 9.1354 (lat 0.4372 frac 0.8333) ang 0.2573/0.3650  best 6.1718  706s
    frac  vs baseline: [1-300) 1.032->0.837  [300-600) 1.032->0.898  [600-800) 1.005->1.142  [800-1000) 0.258->0.309
    angle vs baseline: [1-300) 1.003->0.435  [300-600) 1.003->0.453  [600-800) 0.969->0.395  [800-1000) 0.259->0.113
epoch  1175  train 1.8079 (lat 0.0327 frac 0.1517)  val 9.1927 (lat 0.4352 frac 0.8392) ang 0.2582/0.3655  best 6.1718  721s
    frac  vs baseline: [1-300) 1.032->0.842  [300-600) 1.032->0.898  [600-800) 1.005->1.145  [800-1000) 0.258->0.310
    angle vs baseline: [1-300) 1.003->0.435  [300-600) 1.003->0.454  [600-800) 0.969->0.395  [800-1000) 0.259->0.113
epoch  1200  train 1.8075 (lat 0.0280 frac 0.1524)  val 9.1918 (lat 0.4318 frac 0.8394) ang 0.2550/0.3662  best 6.1718  736s
    frac  vs baseline: [1-300) 1.032->0.845  [300-600) 1.032->0.899  [600-800) 1.005->1.152  [800-1000) 0.258->0.311
    angle vs baseline: [1-300) 1.003->0.436  [300-600) 1.003->0.454  [600-800) 0.969->0.395  [800-1000) 0.259->0.113
epoch  1225  train 1.7078 (lat 0.0299 frac 0.1422)  val 9.2397 (lat 0.4334 frac 0.8439) ang 0.2556/0.3670  best 6.1718  751s
    frac  vs baseline: [1-300) 1.032->0.849  [300-600) 1.032->0.904  [600-800) 1.005->1.155  [800-1000) 0.258->0.313
    angle vs baseline: [1-300) 1.003->0.436  [300-600) 1.003->0.454  [600-800) 0.969->0.395  [800-1000) 0.259->0.113
epoch  1250  train 1.8962 (lat 0.0313 frac 0.1614)  val 9.2499 (lat 0.4349 frac 0.8448) ang 0.2508/0.3670  best 6.1718  765s
    frac  vs baseline: [1-300) 1.032->0.852  [300-600) 1.032->0.906  [600-800) 1.005->1.160  [800-1000) 0.258->0.314
    angle vs baseline: [1-300) 1.003->0.437  [300-600) 1.003->0.454  [600-800) 0.969->0.395  [800-1000) 0.259->0.113
epoch  1275  train 1.6439 (lat 0.0267 frac 0.1369)  val 9.2753 (lat 0.4365 frac 0.8470) ang 0.2479/0.3686  best 6.1718  780s
    frac  vs baseline: [1-300) 1.032->0.854  [300-600) 1.032->0.909  [600-800) 1.005->1.160  [800-1000) 0.258->0.317
    angle vs baseline: [1-300) 1.003->0.438  [300-600) 1.003->0.456  [600-800) 0.969->0.395  [800-1000) 0.259->0.113
epoch  1300  train 1.5847 (lat 0.0310 frac 0.1303)  val 9.2857 (lat 0.4390 frac 0.8477) ang 0.2503/0.3698  best 6.1718  795s
    frac  vs baseline: [1-300) 1.032->0.856  [300-600) 1.032->0.912  [600-800) 1.005->1.161  [800-1000) 0.258->0.320
    angle vs baseline: [1-300) 1.003->0.439  [300-600) 1.003->0.456  [600-800) 0.969->0.396  [800-1000) 0.259->0.113
epoch  1325  train 1.7403 (lat 0.0278 frac 0.1463)  val 9.2683 (lat 0.4405 frac 0.8457) ang 0.2497/0.3706  best 6.1718  810s
    frac  vs baseline: [1-300) 1.032->0.859  [300-600) 1.032->0.918  [600-800) 1.005->1.161  [800-1000) 0.258->0.322
    angle vs baseline: [1-300) 1.003->0.439  [300-600) 1.003->0.456  [600-800) 0.969->0.396  [800-1000) 0.259->0.113
epoch  1350  train 1.5318 (lat 0.0246 frac 0.1257)  val 9.2970 (lat 0.4415 frac 0.8484) ang 0.2500/0.3717  best 6.1718  825s
    frac  vs baseline: [1-300) 1.032->0.857  [300-600) 1.032->0.919  [600-800) 1.005->1.167  [800-1000) 0.258->0.321
    angle vs baseline: [1-300) 1.003->0.441  [300-600) 1.003->0.456  [600-800) 0.969->0.396  [800-1000) 0.259->0.113
epoch  1375  train 1.5600 (lat 0.0247 frac 0.1286)  val 9.3364 (lat 0.4397 frac 0.8524) ang 0.2495/0.3725  best 6.1718  840s
    frac  vs baseline: [1-300) 1.032->0.860  [300-600) 1.032->0.926  [600-800) 1.005->1.172  [800-1000) 0.258->0.322
    angle vs baseline: [1-300) 1.003->0.441  [300-600) 1.003->0.456  [600-800) 0.969->0.396  [800-1000) 0.259->0.113
epoch  1400  train 1.5121 (lat 0.0252 frac 0.1240)  val 9.3381 (lat 0.4397 frac 0.8525) ang 0.2473/0.3732  best 6.1718  855s
    frac  vs baseline: [1-300) 1.032->0.859  [300-600) 1.032->0.928  [600-800) 1.005->1.172  [800-1000) 0.258->0.321
    angle vs baseline: [1-300) 1.003->0.442  [300-600) 1.003->0.457  [600-800) 0.969->0.396  [800-1000) 0.259->0.113
epoch  1425  train 1.4039 (lat 0.0249 frac 0.1132)  val 9.3929 (lat 0.4404 frac 0.8579) ang 0.2474/0.3737  best 6.1718  869s
    frac  vs baseline: [1-300) 1.032->0.859  [300-600) 1.032->0.931  [600-800) 1.005->1.175  [800-1000) 0.258->0.323
    angle vs baseline: [1-300) 1.003->0.441  [300-600) 1.003->0.458  [600-800) 0.969->0.397  [800-1000) 0.259->0.113
epoch  1450  train 1.7400 (lat 0.0259 frac 0.1471)  val 9.4188 (lat 0.4399 frac 0.8605) ang 0.2430/0.3743  best 6.1718  884s
    frac  vs baseline: [1-300) 1.032->0.861  [300-600) 1.032->0.933  [600-800) 1.005->1.179  [800-1000) 0.258->0.325
    angle vs baseline: [1-300) 1.003->0.442  [300-600) 1.003->0.458  [600-800) 0.969->0.397  [800-1000) 0.259->0.113
epoch  1475  train 1.4679 (lat 0.0242 frac 0.1202)  val 9.4152 (lat 0.4394 frac 0.8602) ang 0.2412/0.3743  best 6.1718  899s
    frac  vs baseline: [1-300) 1.032->0.857  [300-600) 1.032->0.928  [600-800) 1.005->1.175  [800-1000) 0.258->0.322
    angle vs baseline: [1-300) 1.003->0.440  [300-600) 1.003->0.459  [600-800) 0.969->0.397  [800-1000) 0.259->0.113
epoch  1500  train 1.5496 (lat 0.0198 frac 0.1293)  val 9.4577 (lat 0.4406 frac 0.8642) ang 0.2372/0.3751  best 6.1718  914s
    frac  vs baseline: [1-300) 1.032->0.860  [300-600) 1.032->0.929  [600-800) 1.005->1.175  [800-1000) 0.258->0.321
    angle vs baseline: [1-300) 1.003->0.442  [300-600) 1.003->0.459  [600-800) 0.969->0.398  [800-1000) 0.259->0.113
epoch  1525  train 1.2970 (lat 0.0224 frac 0.1036)  val 9.5193 (lat 0.4411 frac 0.8702) ang 0.2383/0.3761  best 6.1718  929s
    frac  vs baseline: [1-300) 1.032->0.863  [300-600) 1.032->0.935  [600-800) 1.005->1.183  [800-1000) 0.258->0.322
    angle vs baseline: [1-300) 1.003->0.444  [300-600) 1.003->0.460  [600-800) 0.969->0.398  [800-1000) 0.259->0.113
epoch  1550  train 1.2426 (lat 0.0200 frac 0.0987)  val 9.5948 (lat 0.4429 frac 0.8775) ang 0.2354/0.3766  best 6.1718  944s
    frac  vs baseline: [1-300) 1.032->0.861  [300-600) 1.032->0.937  [600-800) 1.005->1.189  [800-1000) 0.258->0.324
    angle vs baseline: [1-300) 1.003->0.443  [300-600) 1.003->0.460  [600-800) 0.969->0.398  [800-1000) 0.259->0.113
epoch  1575  train 1.2606 (lat 0.0193 frac 0.1009)  val 9.6142 (lat 0.4447 frac 0.8793) ang 0.2324/0.3769  best 6.1718  958s
    frac  vs baseline: [1-300) 1.032->0.862  [300-600) 1.032->0.938  [600-800) 1.005->1.190  [800-1000) 0.258->0.327
    angle vs baseline: [1-300) 1.003->0.444  [300-600) 1.003->0.461  [600-800) 0.969->0.398  [800-1000) 0.259->0.113
epoch  1600  train 1.2849 (lat 0.0177 frac 0.1035)  val 9.6450 (lat 0.4478 frac 0.8820) ang 0.2322/0.3777  best 6.1718  973s
    frac  vs baseline: [1-300) 1.032->0.863  [300-600) 1.032->0.942  [600-800) 1.005->1.191  [800-1000) 0.258->0.328
    angle vs baseline: [1-300) 1.003->0.445  [300-600) 1.003->0.461  [600-800) 0.969->0.398  [800-1000) 0.259->0.113
epoch  1625  train 1.3225 (lat 0.0198 frac 0.1071)  val 9.6546 (lat 0.4515 frac 0.8824) ang 0.2320/0.3788  best 6.1718  988s
    frac  vs baseline: [1-300) 1.032->0.863  [300-600) 1.032->0.944  [600-800) 1.005->1.197  [800-1000) 0.258->0.329
    angle vs baseline: [1-300) 1.003->0.446  [300-600) 1.003->0.461  [600-800) 0.969->0.399  [800-1000) 0.259->0.113
epoch  1650  train 1.2043 (lat 0.0181 frac 0.0954)  val 9.6842 (lat 0.4531 frac 0.8851) ang 0.2319/0.3797  best 6.1718  1003s
    frac  vs baseline: [1-300) 1.032->0.865  [300-600) 1.032->0.946  [600-800) 1.005->1.200  [800-1000) 0.258->0.331
    angle vs baseline: [1-300) 1.003->0.445  [300-600) 1.003->0.461  [600-800) 0.969->0.399  [800-1000) 0.259->0.113
epoch  1675  train 1.2956 (lat 0.0165 frac 0.1052)  val 9.7026 (lat 0.4548 frac 0.8868) ang 0.2275/0.3802  best 6.1718  1018s
    frac  vs baseline: [1-300) 1.032->0.867  [300-600) 1.032->0.948  [600-800) 1.005->1.202  [800-1000) 0.258->0.330
    angle vs baseline: [1-300) 1.003->0.445  [300-600) 1.003->0.462  [600-800) 0.969->0.399  [800-1000) 0.259->0.113
epoch  1700  train 1.2359 (lat 0.0158 frac 0.0993)  val 9.7067 (lat 0.4532 frac 0.8873) ang 0.2273/0.3809  best 6.1718  1033s
    frac  vs baseline: [1-300) 1.032->0.867  [300-600) 1.032->0.951  [600-800) 1.005->1.204  [800-1000) 0.258->0.330
    angle vs baseline: [1-300) 1.003->0.445  [300-600) 1.003->0.462  [600-800) 0.969->0.400  [800-1000) 0.259->0.113
epoch  1725  train 1.1425 (lat 0.0149 frac 0.0901)  val 9.6905 (lat 0.4541 frac 0.8855) ang 0.2268/0.3816  best 6.1718  1047s
    frac  vs baseline: [1-300) 1.032->0.871  [300-600) 1.032->0.955  [600-800) 1.005->1.207  [800-1000) 0.258->0.331
    angle vs baseline: [1-300) 1.003->0.446  [300-600) 1.003->0.462  [600-800) 0.969->0.400  [800-1000) 0.259->0.113
epoch  1750  train 1.1204 (lat 0.0136 frac 0.0881)  val 9.6990 (lat 0.4549 frac 0.8862) ang 0.2259/0.3820  best 6.1718  1062s
    frac  vs baseline: [1-300) 1.032->0.874  [300-600) 1.032->0.956  [600-800) 1.005->1.209  [800-1000) 0.258->0.333
    angle vs baseline: [1-300) 1.003->0.447  [300-600) 1.003->0.463  [600-800) 0.969->0.399  [800-1000) 0.259->0.113
epoch  1775  train 1.1398 (lat 0.0134 frac 0.0902)  val 9.7071 (lat 0.4559 frac 0.8868) ang 0.2248/0.3827  best 6.1718  1077s
    frac  vs baseline: [1-300) 1.032->0.875  [300-600) 1.032->0.958  [600-800) 1.005->1.214  [800-1000) 0.258->0.336
    angle vs baseline: [1-300) 1.003->0.447  [300-600) 1.003->0.463  [600-800) 0.969->0.399  [800-1000) 0.259->0.113
epoch  1800  train 1.1930 (lat 0.0153 frac 0.0954)  val 9.7266 (lat 0.4568 frac 0.8886) ang 0.2233/0.3836  best 6.1718  1092s
    frac  vs baseline: [1-300) 1.032->0.878  [300-600) 1.032->0.960  [600-800) 1.005->1.214  [800-1000) 0.258->0.338
    angle vs baseline: [1-300) 1.003->0.446  [300-600) 1.003->0.463  [600-800) 0.969->0.400  [800-1000) 0.259->0.113
epoch  1825  train 1.0934 (lat 0.0141 frac 0.0858)  val 9.7595 (lat 0.4580 frac 0.8917) ang 0.2215/0.3844  best 6.1718  1107s
    frac  vs baseline: [1-300) 1.032->0.881  [300-600) 1.032->0.963  [600-800) 1.005->1.219  [800-1000) 0.258->0.339
    angle vs baseline: [1-300) 1.003->0.447  [300-600) 1.003->0.464  [600-800) 0.969->0.400  [800-1000) 0.259->0.113
epoch  1850  train 1.0798 (lat 0.0143 frac 0.0844)  val 9.8069 (lat 0.4588 frac 0.8963) ang 0.2214/0.3846  best 6.1718  1122s
    frac  vs baseline: [1-300) 1.032->0.884  [300-600) 1.032->0.965  [600-800) 1.005->1.221  [800-1000) 0.258->0.340
    angle vs baseline: [1-300) 1.003->0.448  [300-600) 1.003->0.464  [600-800) 0.969->0.400  [800-1000) 0.259->0.113
epoch  1875  train 1.0332 (lat 0.0133 frac 0.0801)  val 9.8304 (lat 0.4613 frac 0.8984) ang 0.2193/0.3847  best 6.1718  1136s
    frac  vs baseline: [1-300) 1.032->0.885  [300-600) 1.032->0.968  [600-800) 1.005->1.225  [800-1000) 0.258->0.343
    angle vs baseline: [1-300) 1.003->0.447  [300-600) 1.003->0.464  [600-800) 0.969->0.400  [800-1000) 0.259->0.113
epoch  1900  train 0.9414 (lat 0.0124 frac 0.0709)  val 9.8724 (lat 0.4620 frac 0.9026) ang 0.2200/0.3844  best 6.1718  1151s
    frac  vs baseline: [1-300) 1.032->0.887  [300-600) 1.032->0.974  [600-800) 1.005->1.224  [800-1000) 0.258->0.345
    angle vs baseline: [1-300) 1.003->0.446  [300-600) 1.003->0.464  [600-800) 0.969->0.399  [800-1000) 0.259->0.113
epoch  1925  train 1.0884 (lat 0.0122 frac 0.0860)  val 9.8987 (lat 0.4617 frac 0.9053) ang 0.2159/0.3844  best 6.1718  1166s
    frac  vs baseline: [1-300) 1.032->0.889  [300-600) 1.032->0.977  [600-800) 1.005->1.224  [800-1000) 0.258->0.348
    angle vs baseline: [1-300) 1.003->0.447  [300-600) 1.003->0.464  [600-800) 0.969->0.399  [800-1000) 0.259->0.113
epoch  1950  train 0.9528 (lat 0.0119 frac 0.0725)  val 9.9393 (lat 0.4621 frac 0.9093) ang 0.2160/0.3845  best 6.1718  1181s
    frac  vs baseline: [1-300) 1.032->0.894  [300-600) 1.032->0.979  [600-800) 1.005->1.230  [800-1000) 0.258->0.350
    angle vs baseline: [1-300) 1.003->0.447  [300-600) 1.003->0.465  [600-800) 0.969->0.400  [800-1000) 0.259->0.113
epoch  1975  train 0.9447 (lat 0.0110 frac 0.0719)  val 9.9845 (lat 0.4637 frac 0.9136) ang 0.2146/0.3847  best 6.1718  1196s
    frac  vs baseline: [1-300) 1.032->0.898  [300-600) 1.032->0.981  [600-800) 1.005->1.235  [800-1000) 0.258->0.351
    angle vs baseline: [1-300) 1.003->0.448  [300-600) 1.003->0.465  [600-800) 0.969->0.400  [800-1000) 0.259->0.113
epoch  2000  train 0.9167 (lat 0.0104 frac 0.0692)  val 10.0049 (lat 0.4645 frac 0.9155) ang 0.2139/0.3851  best 6.1718  1211s
    frac  vs baseline: [1-300) 1.032->0.899  [300-600) 1.032->0.981  [600-800) 1.005->1.237  [800-1000) 0.258->0.353
    angle vs baseline: [1-300) 1.003->0.449  [300-600) 1.003->0.465  [600-800) 0.969->0.401  [800-1000) 0.259->0.113
epoch  2025  train 0.9139 (lat 0.0106 frac 0.0689)  val 10.0104 (lat 0.4657 frac 0.9159) ang 0.2143/0.3855  best 6.1718  1226s
    frac  vs baseline: [1-300) 1.032->0.901  [300-600) 1.032->0.982  [600-800) 1.005->1.238  [800-1000) 0.258->0.356
    angle vs baseline: [1-300) 1.003->0.450  [300-600) 1.003->0.465  [600-800) 0.969->0.401  [800-1000) 0.259->0.114
epoch  2050  train 0.8971 (lat 0.0100 frac 0.0673)  val 10.0279 (lat 0.4663 frac 0.9176) ang 0.2142/0.3858  best 6.1718  1241s
    frac  vs baseline: [1-300) 1.032->0.904  [300-600) 1.032->0.984  [600-800) 1.005->1.239  [800-1000) 0.258->0.357
    angle vs baseline: [1-300) 1.003->0.451  [300-600) 1.003->0.465  [600-800) 0.969->0.401  [800-1000) 0.259->0.114
epoch  2075  train 0.8363 (lat 0.0098 frac 0.0612)  val 10.0515 (lat 0.4678 frac 0.9198) ang 0.2144/0.3861  best 6.1718  1256s
    frac  vs baseline: [1-300) 1.032->0.907  [300-600) 1.032->0.985  [600-800) 1.005->1.245  [800-1000) 0.258->0.359
    angle vs baseline: [1-300) 1.003->0.450  [300-600) 1.003->0.465  [600-800) 0.969->0.401  [800-1000) 0.259->0.114
epoch  2100  train 0.8588 (lat 0.0107 frac 0.0634)  val 10.0838 (lat 0.4680 frac 0.9230) ang 0.2144/0.3863  best 6.1718  1271s
    frac  vs baseline: [1-300) 1.032->0.910  [300-600) 1.032->0.989  [600-800) 1.005->1.249  [800-1000) 0.258->0.361
    angle vs baseline: [1-300) 1.003->0.450  [300-600) 1.003->0.466  [600-800) 0.969->0.401  [800-1000) 0.259->0.114
epoch  2125  train 0.8397 (lat 0.0099 frac 0.0618)  val 10.1058 (lat 0.4682 frac 0.9251) ang 0.2121/0.3864  best 6.1718  1285s
    frac  vs baseline: [1-300) 1.032->0.913  [300-600) 1.032->0.990  [600-800) 1.005->1.254  [800-1000) 0.258->0.362
    angle vs baseline: [1-300) 1.003->0.451  [300-600) 1.003->0.466  [600-800) 0.969->0.401  [800-1000) 0.259->0.114
epoch  2150  train 0.8373 (lat 0.0095 frac 0.0615)  val 10.1383 (lat 0.4674 frac 0.9285) ang 0.2125/0.3862  best 6.1718  1300s
    frac  vs baseline: [1-300) 1.032->0.917  [300-600) 1.032->0.993  [600-800) 1.005->1.257  [800-1000) 0.258->0.364
    angle vs baseline: [1-300) 1.003->0.451  [300-600) 1.003->0.466  [600-800) 0.969->0.401  [800-1000) 0.259->0.114
epoch  2175  train 0.8290 (lat 0.0097 frac 0.0607)  val 10.1599 (lat 0.4676 frac 0.9306) ang 0.2122/0.3860  best 6.1718  1315s
    frac  vs baseline: [1-300) 1.032->0.918  [300-600) 1.032->0.995  [600-800) 1.005->1.260  [800-1000) 0.258->0.367
    angle vs baseline: [1-300) 1.003->0.452  [300-600) 1.003->0.466  [600-800) 0.969->0.401  [800-1000) 0.259->0.114
epoch  2200  train 0.8053 (lat 0.0088 frac 0.0586)  val 10.1799 (lat 0.4679 frac 0.9326) ang 0.2110/0.3863  best 6.1718  1330s
    frac  vs baseline: [1-300) 1.032->0.921  [300-600) 1.032->0.997  [600-800) 1.005->1.263  [800-1000) 0.258->0.368
    angle vs baseline: [1-300) 1.003->0.451  [300-600) 1.003->0.466  [600-800) 0.969->0.401  [800-1000) 0.259->0.114
epoch  2225  train 0.9246 (lat 0.0086 frac 0.0707)  val 10.1993 (lat 0.4679 frac 0.9345) ang 0.2087/0.3866  best 6.1718  1345s
    frac  vs baseline: [1-300) 1.032->0.925  [300-600) 1.032->1.000  [600-800) 1.005->1.268  [800-1000) 0.258->0.370
    angle vs baseline: [1-300) 1.003->0.450  [300-600) 1.003->0.467  [600-800) 0.969->0.402  [800-1000) 0.259->0.114
epoch  2250  train 0.8246 (lat 0.0084 frac 0.0608)  val 10.2337 (lat 0.4679 frac 0.9379) ang 0.2085/0.3870  best 6.1718  1360s
    frac  vs baseline: [1-300) 1.032->0.928  [300-600) 1.032->1.003  [600-800) 1.005->1.272  [800-1000) 0.258->0.372
    angle vs baseline: [1-300) 1.003->0.451  [300-600) 1.003->0.467  [600-800) 0.969->0.402  [800-1000) 0.259->0.114
epoch  2275  train 0.7752 (lat 0.0081 frac 0.0559)  val 10.2604 (lat 0.4686 frac 0.9404) ang 0.2082/0.3873  best 6.1718  1375s
    frac  vs baseline: [1-300) 1.032->0.931  [300-600) 1.032->1.005  [600-800) 1.005->1.273  [800-1000) 0.258->0.373
    angle vs baseline: [1-300) 1.003->0.451  [300-600) 1.003->0.467  [600-800) 0.969->0.402  [800-1000) 0.259->0.114
epoch  2300  train 0.7752 (lat 0.0081 frac 0.0560)  val 10.2825 (lat 0.4686 frac 0.9426) ang 0.2076/0.3875  best 6.1718  1390s
    frac  vs baseline: [1-300) 1.032->0.934  [300-600) 1.032->1.009  [600-800) 1.005->1.276  [800-1000) 0.258->0.375
    angle vs baseline: [1-300) 1.003->0.452  [300-600) 1.003->0.467  [600-800) 0.969->0.402  [800-1000) 0.259->0.114
epoch  2325  train 0.7235 (lat 0.0078 frac 0.0509)  val 10.3167 (lat 0.4680 frac 0.9461) ang 0.2064/0.3875  best 6.1718  1404s
    frac  vs baseline: [1-300) 1.032->0.939  [300-600) 1.032->1.014  [600-800) 1.005->1.281  [800-1000) 0.258->0.377
    angle vs baseline: [1-300) 1.003->0.451  [300-600) 1.003->0.467  [600-800) 0.969->0.403  [800-1000) 0.259->0.114
epoch  2350  train 0.7294 (lat 0.0074 frac 0.0516)  val 10.3514 (lat 0.4678 frac 0.9496) ang 0.2057/0.3876  best 6.1718  1419s
    frac  vs baseline: [1-300) 1.032->0.942  [300-600) 1.032->1.018  [600-800) 1.005->1.286  [800-1000) 0.258->0.379
    angle vs baseline: [1-300) 1.003->0.454  [300-600) 1.003->0.468  [600-800) 0.969->0.403  [800-1000) 0.259->0.114
epoch  2375  train 0.7074 (lat 0.0072 frac 0.0495)  val 10.3901 (lat 0.4687 frac 0.9534) ang 0.2055/0.3876  best 6.1718  1434s
    frac  vs baseline: [1-300) 1.032->0.946  [300-600) 1.032->1.022  [600-800) 1.005->1.291  [800-1000) 0.258->0.382
    angle vs baseline: [1-300) 1.003->0.452  [300-600) 1.003->0.468  [600-800) 0.969->0.403  [800-1000) 0.259->0.114
epoch  2400  train 0.7156 (lat 0.0070 frac 0.0503)  val 10.4346 (lat 0.4690 frac 0.9578) ang 0.2052/0.3878  best 6.1718  1449s
    frac  vs baseline: [1-300) 1.032->0.950  [300-600) 1.032->1.025  [600-800) 1.005->1.295  [800-1000) 0.258->0.384
    angle vs baseline: [1-300) 1.003->0.453  [300-600) 1.003->0.468  [600-800) 0.969->0.403  [800-1000) 0.259->0.114
epoch  2425  train 0.6822 (lat 0.0066 frac 0.0471)  val 10.4659 (lat 0.4683 frac 0.9610) ang 0.2041/0.3879  best 6.1718  1464s
    frac  vs baseline: [1-300) 1.032->0.955  [300-600) 1.032->1.029  [600-800) 1.005->1.300  [800-1000) 0.258->0.386
    angle vs baseline: [1-300) 1.003->0.452  [300-600) 1.003->0.468  [600-800) 0.969->0.403  [800-1000) 0.259->0.114
epoch  2450  train 0.6860 (lat 0.0067 frac 0.0476)  val 10.4979 (lat 0.4680 frac 0.9642) ang 0.2033/0.3881  best 6.1718  1479s
    frac  vs baseline: [1-300) 1.032->0.960  [300-600) 1.032->1.033  [600-800) 1.005->1.305  [800-1000) 0.258->0.389
    angle vs baseline: [1-300) 1.003->0.452  [300-600) 1.003->0.468  [600-800) 0.969->0.403  [800-1000) 0.259->0.114
epoch  2475  train 0.6804 (lat 0.0068 frac 0.0470)  val 10.5365 (lat 0.4680 frac 0.9680) ang 0.2032/0.3882  best 6.1718  1494s
    frac  vs baseline: [1-300) 1.032->0.961  [300-600) 1.032->1.037  [600-800) 1.005->1.310  [800-1000) 0.258->0.391
    angle vs baseline: [1-300) 1.003->0.453  [300-600) 1.003->0.468  [600-800) 0.969->0.403  [800-1000) 0.259->0.114
epoch  2500  train 0.6534 (lat 0.0067 frac 0.0444)  val 10.5773 (lat 0.4678 frac 0.9721) ang 0.2028/0.3882  best 6.1718  1509s
    frac  vs baseline: [1-300) 1.032->0.965  [300-600) 1.032->1.040  [600-800) 1.005->1.315  [800-1000) 0.258->0.394
    angle vs baseline: [1-300) 1.003->0.452  [300-600) 1.003->0.468  [600-800) 0.969->0.403  [800-1000) 0.259->0.114
epoch  2525  train 0.6551 (lat 0.0066 frac 0.0447)  val 10.6114 (lat 0.4673 frac 0.9756) ang 0.2017/0.3884  best 6.1718  1523s
    frac  vs baseline: [1-300) 1.032->0.967  [300-600) 1.032->1.044  [600-800) 1.005->1.319  [800-1000) 0.258->0.397
    angle vs baseline: [1-300) 1.003->0.453  [300-600) 1.003->0.468  [600-800) 0.969->0.404  [800-1000) 0.259->0.114
epoch  2550  train 0.6562 (lat 0.0067 frac 0.0448)  val 10.6488 (lat 0.4677 frac 0.9793) ang 0.2011/0.3886  best 6.1718  1538s
    frac  vs baseline: [1-300) 1.032->0.972  [300-600) 1.032->1.048  [600-800) 1.005->1.324  [800-1000) 0.258->0.400
    angle vs baseline: [1-300) 1.003->0.453  [300-600) 1.003->0.468  [600-800) 0.969->0.404  [800-1000) 0.259->0.114
epoch  2575  train 0.6468 (lat 0.0065 frac 0.0439)  val 10.6900 (lat 0.4686 frac 0.9833) ang 0.2011/0.3886  best 6.1718  1553s
    frac  vs baseline: [1-300) 1.032->0.976  [300-600) 1.032->1.051  [600-800) 1.005->1.329  [800-1000) 0.258->0.403
    angle vs baseline: [1-300) 1.003->0.453  [300-600) 1.003->0.468  [600-800) 0.969->0.404  [800-1000) 0.259->0.114
epoch  2600  train 0.6386 (lat 0.0063 frac 0.0432)  val 10.7247 (lat 0.4693 frac 0.9867) ang 0.2007/0.3887  best 6.1718  1568s
    frac  vs baseline: [1-300) 1.032->0.979  [300-600) 1.032->1.054  [600-800) 1.005->1.334  [800-1000) 0.258->0.405
    angle vs baseline: [1-300) 1.003->0.454  [300-600) 1.003->0.468  [600-800) 0.969->0.404  [800-1000) 0.259->0.114
epoch  2625  train 0.6300 (lat 0.0062 frac 0.0424)  val 10.7502 (lat 0.4699 frac 0.9891) ang 0.2002/0.3889  best 6.1718  1583s
    frac  vs baseline: [1-300) 1.032->0.982  [300-600) 1.032->1.057  [600-800) 1.005->1.338  [800-1000) 0.258->0.408
    angle vs baseline: [1-300) 1.003->0.454  [300-600) 1.003->0.468  [600-800) 0.969->0.404  [800-1000) 0.259->0.114
epoch  2650  train 0.6229 (lat 0.0060 frac 0.0417)  val 10.7764 (lat 0.4704 frac 0.9917) ang 0.1996/0.3891  best 6.1718  1598s
    frac  vs baseline: [1-300) 1.032->0.987  [300-600) 1.032->1.060  [600-800) 1.005->1.341  [800-1000) 0.258->0.410
    angle vs baseline: [1-300) 1.003->0.454  [300-600) 1.003->0.468  [600-800) 0.969->0.404  [800-1000) 0.259->0.114
epoch  2675  train 0.6208 (lat 0.0059 frac 0.0416)  val 10.7984 (lat 0.4708 frac 0.9938) ang 0.1990/0.3894  best 6.1718  1613s
    frac  vs baseline: [1-300) 1.032->0.990  [300-600) 1.032->1.061  [600-800) 1.005->1.344  [800-1000) 0.258->0.412
    angle vs baseline: [1-300) 1.003->0.454  [300-600) 1.003->0.469  [600-800) 0.969->0.404  [800-1000) 0.259->0.114
epoch  2700  train 0.6172 (lat 0.0058 frac 0.0413)  val 10.8194 (lat 0.4711 frac 0.9959) ang 0.1987/0.3897  best 6.1718  1628s
    frac  vs baseline: [1-300) 1.032->0.993  [300-600) 1.032->1.063  [600-800) 1.005->1.347  [800-1000) 0.258->0.414
    angle vs baseline: [1-300) 1.003->0.455  [300-600) 1.003->0.469  [600-800) 0.969->0.404  [800-1000) 0.259->0.114
epoch  2725  train 0.6142 (lat 0.0057 frac 0.0410)  val 10.8377 (lat 0.4712 frac 0.9977) ang 0.1984/0.3899  best 6.1718  1643s
    frac  vs baseline: [1-300) 1.032->0.995  [300-600) 1.032->1.064  [600-800) 1.005->1.349  [800-1000) 0.258->0.415
    angle vs baseline: [1-300) 1.003->0.455  [300-600) 1.003->0.469  [600-800) 0.969->0.404  [800-1000) 0.259->0.114
epoch  2750  train 0.6124 (lat 0.0056 frac 0.0409)  val 10.8547 (lat 0.4713 frac 0.9993) ang 0.1981/0.3900  best 6.1718  1658s
    frac  vs baseline: [1-300) 1.032->0.998  [300-600) 1.032->1.066  [600-800) 1.005->1.351  [800-1000) 0.258->0.417
    angle vs baseline: [1-300) 1.003->0.455  [300-600) 1.003->0.469  [600-800) 0.969->0.404  [800-1000) 0.259->0.114
epoch  2775  train 0.6108 (lat 0.0055 frac 0.0407)  val 10.8692 (lat 0.4714 frac 1.0008) ang 0.1979/0.3902  best 6.1718  1672s
    frac  vs baseline: [1-300) 1.032->0.999  [300-600) 1.032->1.068  [600-800) 1.005->1.353  [800-1000) 0.258->0.418
    angle vs baseline: [1-300) 1.003->0.455  [300-600) 1.003->0.469  [600-800) 0.969->0.404  [800-1000) 0.259->0.114
epoch  2800  train 0.6092 (lat 0.0054 frac 0.0406)  val 10.8792 (lat 0.4714 frac 1.0018) ang 0.1977/0.3903  best 6.1718  1687s
    frac  vs baseline: [1-300) 1.032->1.001  [300-600) 1.032->1.069  [600-800) 1.005->1.355  [800-1000) 0.258->0.419
    angle vs baseline: [1-300) 1.003->0.455  [300-600) 1.003->0.469  [600-800) 0.969->0.404  [800-1000) 0.259->0.114
epoch  2825  train 0.6070 (lat 0.0054 frac 0.0404)  val 10.8832 (lat 0.4713 frac 1.0022) ang 0.1975/0.3903  best 6.1718  1702s
    frac  vs baseline: [1-300) 1.032->1.002  [300-600) 1.032->1.070  [600-800) 1.005->1.356  [800-1000) 0.258->0.420
    angle vs baseline: [1-300) 1.003->0.455  [300-600) 1.003->0.469  [600-800) 0.969->0.404  [800-1000) 0.259->0.114
epoch  2850  train 0.6052 (lat 0.0053 frac 0.0403)  val 10.8825 (lat 0.4713 frac 1.0021) ang 0.1973/0.3904  best 6.1718  1717s
    frac  vs baseline: [1-300) 1.032->1.003  [300-600) 1.032->1.070  [600-800) 1.005->1.356  [800-1000) 0.258->0.420
    angle vs baseline: [1-300) 1.003->0.454  [300-600) 1.003->0.469  [600-800) 0.969->0.404  [800-1000) 0.259->0.114
epoch  2875  train 0.6043 (lat 0.0052 frac 0.0402)  val 10.8798 (lat 0.4712 frac 1.0018) ang 0.1971/0.3904  best 6.1718  1732s
    frac  vs baseline: [1-300) 1.032->1.002  [300-600) 1.032->1.071  [600-800) 1.005->1.356  [800-1000) 0.258->0.421
    angle vs baseline: [1-300) 1.003->0.454  [300-600) 1.003->0.468  [600-800) 0.969->0.404  [800-1000) 0.259->0.114
epoch  2900  train 0.6038 (lat 0.0052 frac 0.0402)  val 10.8777 (lat 0.4712 frac 1.0016) ang 0.1970/0.3904  best 6.1718  1747s
    frac  vs baseline: [1-300) 1.032->1.003  [300-600) 1.032->1.071  [600-800) 1.005->1.356  [800-1000) 0.258->0.421
    angle vs baseline: [1-300) 1.003->0.454  [300-600) 1.003->0.468  [600-800) 0.969->0.404  [800-1000) 0.259->0.114
epoch  2925  train 0.6030 (lat 0.0052 frac 0.0401)  val 10.8762 (lat 0.4712 frac 1.0015) ang 0.1969/0.3904  best 6.1718  1762s
    frac  vs baseline: [1-300) 1.032->1.003  [300-600) 1.032->1.071  [600-800) 1.005->1.356  [800-1000) 0.258->0.421
    angle vs baseline: [1-300) 1.003->0.454  [300-600) 1.003->0.468  [600-800) 0.969->0.404  [800-1000) 0.259->0.114
epoch  2950  train 0.6022 (lat 0.0051 frac 0.0400)  val 10.8748 (lat 0.4713 frac 1.0013) ang 0.1969/0.3904  best 6.1718  1777s
    frac  vs baseline: [1-300) 1.032->1.001  [300-600) 1.032->1.071  [600-800) 1.005->1.356  [800-1000) 0.258->0.421
    angle vs baseline: [1-300) 1.003->0.455  [300-600) 1.003->0.468  [600-800) 0.969->0.404  [800-1000) 0.259->0.114
epoch  2975  train 0.6016 (lat 0.0051 frac 0.0400)  val 10.8732 (lat 0.4713 frac 1.0012) ang 0.1968/0.3904  best 6.1718  1792s
    frac  vs baseline: [1-300) 1.032->1.004  [300-600) 1.032->1.071  [600-800) 1.005->1.356  [800-1000) 0.258->0.421
    angle vs baseline: [1-300) 1.003->0.455  [300-600) 1.003->0.468  [600-800) 0.969->0.404  [800-1000) 0.259->0.114
epoch  3000  train 0.6014 (lat 0.0051 frac 0.0399)  val 10.8721 (lat 0.4713 frac 1.0010) ang 0.1968/0.3903  best 6.1718  1806s
    frac  vs baseline: [1-300) 1.032->1.004  [300-600) 1.032->1.071  [600-800) 1.005->1.356  [800-1000) 0.258->0.421
    angle vs baseline: [1-300) 1.003->0.455  [300-600) 1.003->0.468  [600-800) 0.969->0.404  [800-1000) 0.259->0.114
done in 1807s  best structural val 6.1718 at epoch 288
[jarvis_B3-seed0/train] done in 1812s
[jarvis_B3-seed0/generate] $ python -u /home/ccamp104/repositories/alignn-csp-ablation/alignn/scripts/atombench/generate_benchmark.py --checkpoint /data/ccamp104/alignn_csp_lgmatrix/jarvis/train/jarvis_B3/seed0/best_model.pt --data-dir /data/ccamp104/alignn_csp_lgmatrix/jarvis/data/jarvis --split test --output-csv /data/ccamp104/alignn_csp_lgmatrix/jarvis/train/jarvis_B3/seed0/bench/nosym/pred.csv --num-candidates 32 --guidance 2.0 --relax cell --rank energy --relax-steps 200 --seed 0 --device cuda --save-candidates /data/ccamp104/alignn_csp_lgmatrix/jarvis/train/jarvis_B3/seed0/bench/nosym/candidates.json --prescreen-keep 4 --relax-workers 16
model modalities=['prop', 'composition'] active=all
103 targets, 32 candidates each
  sampled chunk 1/4 (908 structures, 336s)
[jarvis_B3-seed0/generate] FAILED (exit 1) after 633s

1 unit(s) did not finish: jarvis_B3-seed0
