gpu_sampler: device 'NVIDIA GB10'
gpu_sampler: pid 2616093 -> /home/ccamp104/repositories/alignn-csp-ablation/supercon-alex-bond-angle-diffusion-line-graph-ablations-sep-2-2026/results/jarvis/2026-09-02_lgmatrix/_gputrace/csp-lg-angle-state-matrix-u2__12968__0.csv
repo:      /home/ccamp104/repositories/alignn-csp-ablation/alignn
runs:      /data/ccamp104/alignn_csp_lgmatrix/jarvis
python:    /data/ccamp104/envs/alignn2/bin/python
host:      atomgptlab04.wse.jhu.edu
job:       12968 array element none

=== unit jarvis_nolg_b3-seed0  ->  /data/ccamp104/alignn_csp_lgmatrix/jarvis/train/jarvis_nolg_b3/seed0
[jarvis_nolg_b3-seed0/train] $ python -u -m alignn.inverse.train_csp --data-dir /data/ccamp104/alignn_csp_lgmatrix/jarvis/data/jarvis --output /data/ccamp104/alignn_csp_lgmatrix/jarvis/train/jarvis_nolg_b3/seed0 --epochs 3000 --seed 0 --ablation B3 --alignn-layers 0 --gcn-layers 9 --hidden-features 256 --knn 12 --num-steps 1000 --batch-size 64 --lr 1e-3 --augment 0 --device cuda --log-every 25 --select-on structural
train=847 val=105
normalizer: {"lattice_mean": [0.8832569122314453, 0.8832569122314453, 0.8832569122314453, 0.0, 0.0, 0.0], "lattice_std": [0.22021067142486572, 0.22021067142486572, 0.22021067142486572, 0.19299998879432678, 0.19299998879432678, 0.19299998879432678], "prop_mean": 3.680598969287708, "prop_std": 4.752574244852478}
ablation B3: proposed: state is (F, L, Theta), independently corrupted, persistent triplets, smooth relevance gates, one joint denoiser
denoiser: {"hidden_features": 256, "alignn_layers": 0, "gcn_layers": 9, "knn": 12, "num_steps": 1000, "angle_mode": "independent", "angle_feedback": true, "topology": "radius", "gate_pair_messages": true, "angle_diffusion": true, "angle_state_basis": "fourier", "angle_state_harmonics": 8}
parameters: 3.85M  modalities: ['prop', 'composition']
epoch     1  train 10.3627 (lat 0.9737 frac 0.8538)  val 9.8344 (lat 0.9961 frac 0.7991) ang 0.8505/0.8474  best 8.9870  1s
    frac  vs baseline: [1-300) 1.032->1.032  [300-600) 1.032->1.032  [600-800) 1.005->1.005  [800-1000) 0.258->0.258
    angle vs baseline: [1-300) 1.003->1.003  [300-600) 1.003->1.003  [600-800) 0.969->0.969  [800-1000) 0.259->0.259
epoch    25  train 8.2363 (lat 0.3942 frac 0.7150)  val 9.6748 (lat 0.9756 frac 0.7862) ang 0.6925/0.8371  best 8.8376  13s
    frac  vs baseline: [1-300) 1.032->1.012  [300-600) 1.032->1.017  [600-800) 1.005->0.994  [800-1000) 0.258->0.257
    angle vs baseline: [1-300) 1.003->0.999  [300-600) 1.003->0.995  [600-800) 0.969->0.953  [800-1000) 0.259->0.251
epoch    50  train 7.9789 (lat 0.3273 frac 0.7032)  val 9.1985 (lat 0.8521 frac 0.7548) ang 0.6193/0.7981  best 8.4003  24s
    frac  vs baseline: [1-300) 1.032->0.958  [300-600) 1.032->0.974  [600-800) 1.005->0.968  [800-1000) 0.258->0.258
    angle vs baseline: [1-300) 1.003->0.984  [300-600) 1.003->0.962  [600-800) 0.969->0.883  [800-1000) 0.259->0.220
epoch    75  train 7.9410 (lat 0.3377 frac 0.7015)  val 8.6493 (lat 0.6646 frac 0.7244) ang 0.5881/0.7411  best 7.9083  36s
    frac  vs baseline: [1-300) 1.032->0.904  [300-600) 1.032->0.927  [600-800) 1.005->0.941  [800-1000) 0.258->0.259
    angle vs baseline: [1-300) 1.003->0.950  [300-600) 1.003->0.912  [600-800) 0.969->0.779  [800-1000) 0.259->0.186
epoch   100  train 7.7605 (lat 0.2894 frac 0.6909)  val 8.1717 (lat 0.5214 frac 0.6969) ang 0.5620/0.6814  best 7.4903  48s
    frac  vs baseline: [1-300) 1.032->0.859  [300-600) 1.032->0.881  [600-800) 1.005->0.916  [800-1000) 0.258->0.260
    angle vs baseline: [1-300) 1.003->0.891  [300-600) 1.003->0.854  [600-800) 0.969->0.678  [800-1000) 0.259->0.171
epoch   125  train 7.6454 (lat 0.2774 frac 0.6819)  val 7.8476 (lat 0.4509 frac 0.6763) ang 0.5489/0.6335  best 7.2141  60s
    frac  vs baseline: [1-300) 1.032->0.825  [300-600) 1.032->0.845  [600-800) 1.005->0.897  [800-1000) 0.258->0.260
    angle vs baseline: [1-300) 1.003->0.836  [300-600) 1.003->0.806  [600-800) 0.969->0.605  [800-1000) 0.259->0.160
epoch   150  train 7.5003 (lat 0.2154 frac 0.6742)  val 7.6555 (lat 0.4132 frac 0.6646) ang 0.5426/0.5958  best 7.0596  72s
    frac  vs baseline: [1-300) 1.032->0.805  [300-600) 1.032->0.822  [600-800) 1.005->0.887  [800-1000) 0.258->0.259
    angle vs baseline: [1-300) 1.003->0.787  [300-600) 1.003->0.767  [600-800) 0.969->0.560  [800-1000) 0.259->0.149
epoch   175  train 7.5592 (lat 0.2148 frac 0.6829)  val 7.5326 (lat 0.3869 frac 0.6576) ang 0.5158/0.5701  best 6.9625  84s
    frac  vs baseline: [1-300) 1.032->0.792  [300-600) 1.032->0.810  [600-800) 1.005->0.883  [800-1000) 0.258->0.258
    angle vs baseline: [1-300) 1.003->0.748  [300-600) 1.003->0.739  [600-800) 0.969->0.538  [800-1000) 0.259->0.143
epoch   200  train 7.3975 (lat 0.2166 frac 0.6664)  val 7.4257 (lat 0.3672 frac 0.6510) ang 0.5167/0.5488  best 6.8769  95s
    frac  vs baseline: [1-300) 1.032->0.780  [300-600) 1.032->0.800  [600-800) 1.005->0.879  [800-1000) 0.258->0.257
    angle vs baseline: [1-300) 1.003->0.713  [300-600) 1.003->0.715  [600-800) 0.969->0.520  [800-1000) 0.259->0.137
epoch   225  train 7.3158 (lat 0.2064 frac 0.6604)  val 7.3248 (lat 0.3512 frac 0.6445) ang 0.5051/0.5287  best 6.7961  109s
    frac  vs baseline: [1-300) 1.032->0.771  [300-600) 1.032->0.793  [600-800) 1.005->0.875  [800-1000) 0.258->0.257
    angle vs baseline: [1-300) 1.003->0.679  [300-600) 1.003->0.692  [600-800) 0.969->0.505  [800-1000) 0.259->0.133
epoch   250  train 7.1197 (lat 0.1645 frac 0.6496)  val 7.2432 (lat 0.3377 frac 0.6396) ang 0.4589/0.5097  best 6.7335  127s
    frac  vs baseline: [1-300) 1.032->0.764  [300-600) 1.032->0.788  [600-800) 1.005->0.871  [800-1000) 0.258->0.256
    angle vs baseline: [1-300) 1.003->0.648  [300-600) 1.003->0.666  [600-800) 0.969->0.491  [800-1000) 0.259->0.130
epoch   275  train 7.0937 (lat 0.1510 frac 0.6488)  val 7.1933 (lat 0.3311 frac 0.6368) ang 0.4547/0.4940  best 6.6994  145s
    frac  vs baseline: [1-300) 1.032->0.756  [300-600) 1.032->0.783  [600-800) 1.005->0.869  [800-1000) 0.258->0.256
    angle vs baseline: [1-300) 1.003->0.621  [300-600) 1.003->0.643  [600-800) 0.969->0.480  [800-1000) 0.259->0.128
epoch   300  train 6.9516 (lat 0.1405 frac 0.6366)  val 7.1672 (lat 0.3270 frac 0.6359) ang 0.4455/0.4808  best 6.6864  162s
    frac  vs baseline: [1-300) 1.032->0.753  [300-600) 1.032->0.781  [600-800) 1.005->0.868  [800-1000) 0.258->0.256
    angle vs baseline: [1-300) 1.003->0.599  [300-600) 1.003->0.622  [600-800) 0.969->0.470  [800-1000) 0.259->0.126
epoch   325  train 6.7872 (lat 0.1311 frac 0.6227)  val 7.1637 (lat 0.3266 frac 0.6368) ang 0.4294/0.4688  best 6.6815  177s
    frac  vs baseline: [1-300) 1.032->0.751  [300-600) 1.032->0.782  [600-800) 1.005->0.868  [800-1000) 0.258->0.256
    angle vs baseline: [1-300) 1.003->0.581  [300-600) 1.003->0.605  [600-800) 0.969->0.462  [800-1000) 0.259->0.124
epoch   350  train 6.6299 (lat 0.1193 frac 0.6077)  val 7.1657 (lat 0.3304 frac 0.6376) ang 0.4331/0.4589  best 6.6815  191s
    frac  vs baseline: [1-300) 1.032->0.754  [300-600) 1.032->0.785  [600-800) 1.005->0.870  [800-1000) 0.258->0.256
    angle vs baseline: [1-300) 1.003->0.566  [300-600) 1.003->0.591  [600-800) 0.969->0.455  [800-1000) 0.259->0.123
epoch   375  train 6.3817 (lat 0.1214 frac 0.5847)  val 7.1855 (lat 0.3332 frac 0.6401) ang 0.4132/0.4512  best 6.6815  206s
    frac  vs baseline: [1-300) 1.032->0.758  [300-600) 1.032->0.791  [600-800) 1.005->0.873  [800-1000) 0.258->0.256
    angle vs baseline: [1-300) 1.003->0.556  [300-600) 1.003->0.580  [600-800) 0.969->0.449  [800-1000) 0.259->0.123
epoch   400  train 6.0937 (lat 0.1105 frac 0.5580)  val 7.2251 (lat 0.3389 frac 0.6442) ang 0.4032/0.4446  best 6.6815  220s
    frac  vs baseline: [1-300) 1.032->0.765  [300-600) 1.032->0.799  [600-800) 1.005->0.879  [800-1000) 0.258->0.256
    angle vs baseline: [1-300) 1.003->0.550  [300-600) 1.003->0.572  [600-800) 0.969->0.446  [800-1000) 0.259->0.122
epoch   425  train 5.8011 (lat 0.1031 frac 0.5302)  val 7.2660 (lat 0.3465 frac 0.6480) ang 0.3959/0.4396  best 6.6815  235s
    frac  vs baseline: [1-300) 1.032->0.774  [300-600) 1.032->0.810  [600-800) 1.005->0.889  [800-1000) 0.258->0.257
    angle vs baseline: [1-300) 1.003->0.544  [300-600) 1.003->0.564  [600-800) 0.969->0.443  [800-1000) 0.259->0.122
epoch   450  train 5.6842 (lat 0.0981 frac 0.5189)  val 7.3154 (lat 0.3535 frac 0.6526) ang 0.3967/0.4359  best 6.6815  249s
    frac  vs baseline: [1-300) 1.032->0.785  [300-600) 1.032->0.821  [600-800) 1.005->0.900  [800-1000) 0.258->0.258
    angle vs baseline: [1-300) 1.003->0.539  [300-600) 1.003->0.558  [600-800) 0.969->0.441  [800-1000) 0.259->0.122
epoch   475  train 5.3389 (lat 0.0989 frac 0.4848)  val 7.3559 (lat 0.3613 frac 0.6561) ang 0.3922/0.4332  best 6.6815  264s
    frac  vs baseline: [1-300) 1.032->0.799  [300-600) 1.032->0.835  [600-800) 1.005->0.912  [800-1000) 0.258->0.259
    angle vs baseline: [1-300) 1.003->0.535  [300-600) 1.003->0.553  [600-800) 0.969->0.440  [800-1000) 0.259->0.121
epoch   500  train 5.0533 (lat 0.0889 frac 0.4575)  val 7.4415 (lat 0.3706 frac 0.6639) ang 0.3898/0.4321  best 6.6815  279s
    frac  vs baseline: [1-300) 1.032->0.813  [300-600) 1.032->0.848  [600-800) 1.005->0.928  [800-1000) 0.258->0.260
    angle vs baseline: [1-300) 1.003->0.530  [300-600) 1.003->0.548  [600-800) 0.969->0.439  [800-1000) 0.259->0.121
epoch   525  train 4.8518 (lat 0.0855 frac 0.4383)  val 7.4990 (lat 0.3745 frac 0.6693) ang 0.3830/0.4317  best 6.6815  293s
    frac  vs baseline: [1-300) 1.032->0.826  [300-600) 1.032->0.859  [600-800) 1.005->0.942  [800-1000) 0.258->0.262
    angle vs baseline: [1-300) 1.003->0.525  [300-600) 1.003->0.545  [600-800) 0.969->0.438  [800-1000) 0.259->0.121
epoch   550  train 4.5589 (lat 0.0883 frac 0.4089)  val 7.5908 (lat 0.3775 frac 0.6782) ang 0.3815/0.4312  best 6.6815  308s
    frac  vs baseline: [1-300) 1.032->0.838  [300-600) 1.032->0.875  [600-800) 1.005->0.957  [800-1000) 0.258->0.264
    angle vs baseline: [1-300) 1.003->0.522  [300-600) 1.003->0.541  [600-800) 0.969->0.437  [800-1000) 0.259->0.121
epoch   575  train 4.3013 (lat 0.0826 frac 0.3838)  val 7.6656 (lat 0.3834 frac 0.6852) ang 0.3805/0.4304  best 6.6815  322s
    frac  vs baseline: [1-300) 1.032->0.850  [300-600) 1.032->0.891  [600-800) 1.005->0.973  [800-1000) 0.258->0.265
    angle vs baseline: [1-300) 1.003->0.519  [300-600) 1.003->0.538  [600-800) 0.969->0.438  [800-1000) 0.259->0.121
epoch   600  train 4.0957 (lat 0.0766 frac 0.3643)  val 7.7602 (lat 0.3843 frac 0.6946) ang 0.3761/0.4299  best 6.6815  336s
    frac  vs baseline: [1-300) 1.032->0.862  [300-600) 1.032->0.902  [600-800) 1.005->0.988  [800-1000) 0.258->0.266
    angle vs baseline: [1-300) 1.003->0.516  [300-600) 1.003->0.536  [600-800) 0.969->0.437  [800-1000) 0.259->0.121
epoch   625  train 3.8696 (lat 0.0733 frac 0.3427)  val 7.8706 (lat 0.3887 frac 0.7052) ang 0.3691/0.4297  best 6.6815  351s
    frac  vs baseline: [1-300) 1.032->0.872  [300-600) 1.032->0.915  [600-800) 1.005->1.005  [800-1000) 0.258->0.268
    angle vs baseline: [1-300) 1.003->0.515  [300-600) 1.003->0.534  [600-800) 0.969->0.438  [800-1000) 0.259->0.121
epoch   650  train 3.8480 (lat 0.0701 frac 0.3415)  val 7.9753 (lat 0.3907 frac 0.7154) ang 0.3632/0.4302  best 6.6815  366s
    frac  vs baseline: [1-300) 1.032->0.882  [300-600) 1.032->0.923  [600-800) 1.005->1.018  [800-1000) 0.258->0.270
    angle vs baseline: [1-300) 1.003->0.515  [300-600) 1.003->0.533  [600-800) 0.969->0.438  [800-1000) 0.259->0.121
epoch   675  train 3.7032 (lat 0.0672 frac 0.3273)  val 8.0423 (lat 0.3949 frac 0.7217) ang 0.3633/0.4304  best 6.6815  381s
    frac  vs baseline: [1-300) 1.032->0.895  [300-600) 1.032->0.934  [600-800) 1.005->1.032  [800-1000) 0.258->0.271
    angle vs baseline: [1-300) 1.003->0.515  [300-600) 1.003->0.532  [600-800) 0.969->0.438  [800-1000) 0.259->0.121
epoch   700  train 3.5327 (lat 0.0683 frac 0.3101)  val 8.0865 (lat 0.3988 frac 0.7257) ang 0.3639/0.4304  best 6.6815  395s
    frac  vs baseline: [1-300) 1.032->0.907  [300-600) 1.032->0.949  [600-800) 1.005->1.045  [800-1000) 0.258->0.274
    angle vs baseline: [1-300) 1.003->0.515  [300-600) 1.003->0.532  [600-800) 0.969->0.438  [800-1000) 0.259->0.121
epoch   725  train 3.3955 (lat 0.0652 frac 0.2972)  val 8.1496 (lat 0.4062 frac 0.7311) ang 0.3581/0.4320  best 6.6815  410s
    frac  vs baseline: [1-300) 1.032->0.913  [300-600) 1.032->0.959  [600-800) 1.005->1.056  [800-1000) 0.258->0.278
    angle vs baseline: [1-300) 1.003->0.514  [300-600) 1.003->0.531  [600-800) 0.969->0.438  [800-1000) 0.259->0.122
epoch   750  train 3.2327 (lat 0.0645 frac 0.2811)  val 8.2162 (lat 0.4120 frac 0.7371) ang 0.3575/0.4335  best 6.6815  424s
    frac  vs baseline: [1-300) 1.032->0.924  [300-600) 1.032->0.963  [600-800) 1.005->1.070  [800-1000) 0.258->0.281
    angle vs baseline: [1-300) 1.003->0.513  [300-600) 1.003->0.530  [600-800) 0.969->0.439  [800-1000) 0.259->0.121
epoch   775  train 3.2182 (lat 0.0626 frac 0.2802)  val 8.2551 (lat 0.4191 frac 0.7402) ang 0.3535/0.4335  best 6.6815  439s
    frac  vs baseline: [1-300) 1.032->0.931  [300-600) 1.032->0.969  [600-800) 1.005->1.085  [800-1000) 0.258->0.283
    angle vs baseline: [1-300) 1.003->0.512  [300-600) 1.003->0.528  [600-800) 0.969->0.439  [800-1000) 0.259->0.122
epoch   800  train 3.0061 (lat 0.0582 frac 0.2598)  val 8.2969 (lat 0.4235 frac 0.7441) ang 0.3502/0.4327  best 6.6815  454s
    frac  vs baseline: [1-300) 1.032->0.941  [300-600) 1.032->0.977  [600-800) 1.005->1.097  [800-1000) 0.258->0.287
    angle vs baseline: [1-300) 1.003->0.510  [300-600) 1.003->0.528  [600-800) 0.969->0.439  [800-1000) 0.259->0.122
epoch   825  train 2.8997 (lat 0.0598 frac 0.2495)  val 8.3320 (lat 0.4271 frac 0.7473) ang 0.3454/0.4321  best 6.6815  468s
    frac  vs baseline: [1-300) 1.032->0.949  [300-600) 1.032->0.987  [600-800) 1.005->1.111  [800-1000) 0.258->0.290
    angle vs baseline: [1-300) 1.003->0.509  [300-600) 1.003->0.528  [600-800) 0.969->0.440  [800-1000) 0.259->0.121
epoch   850  train 2.8318 (lat 0.0560 frac 0.2429)  val 8.3760 (lat 0.4311 frac 0.7514) ang 0.3465/0.4314  best 6.6815  483s
    frac  vs baseline: [1-300) 1.032->0.955  [300-600) 1.032->0.995  [600-800) 1.005->1.117  [800-1000) 0.258->0.293
    angle vs baseline: [1-300) 1.003->0.507  [300-600) 1.003->0.527  [600-800) 0.969->0.440  [800-1000) 0.259->0.122
epoch   875  train 2.9981 (lat 0.0636 frac 0.2588)  val 8.4476 (lat 0.4338 frac 0.7583) ang 0.3462/0.4309  best 6.6815  498s
    frac  vs baseline: [1-300) 1.032->0.960  [300-600) 1.032->1.005  [600-800) 1.005->1.127  [800-1000) 0.258->0.296
    angle vs baseline: [1-300) 1.003->0.506  [300-600) 1.003->0.526  [600-800) 0.969->0.441  [800-1000) 0.259->0.122
epoch   900  train 2.7039 (lat 0.0553 frac 0.2304)  val 8.5292 (lat 0.4351 frac 0.7664) ang 0.3445/0.4300  best 6.6815  512s
    frac  vs baseline: [1-300) 1.032->0.963  [300-600) 1.032->1.012  [600-800) 1.005->1.130  [800-1000) 0.258->0.298
    angle vs baseline: [1-300) 1.003->0.505  [300-600) 1.003->0.525  [600-800) 0.969->0.442  [800-1000) 0.259->0.122
epoch   925  train 2.7994 (lat 0.0511 frac 0.2408)  val 8.5691 (lat 0.4347 frac 0.7704) ang 0.3401/0.4308  best 6.6815  527s
    frac  vs baseline: [1-300) 1.032->0.972  [300-600) 1.032->1.020  [600-800) 1.005->1.132  [800-1000) 0.258->0.298
    angle vs baseline: [1-300) 1.003->0.504  [300-600) 1.003->0.525  [600-800) 0.969->0.442  [800-1000) 0.259->0.122
epoch   950  train 2.5228 (lat 0.0510 frac 0.2132)  val 8.6303 (lat 0.4344 frac 0.7765) ang 0.3393/0.4307  best 6.6815  541s
    frac  vs baseline: [1-300) 1.032->0.973  [300-600) 1.032->1.024  [600-800) 1.005->1.134  [800-1000) 0.258->0.300
    angle vs baseline: [1-300) 1.003->0.502  [300-600) 1.003->0.525  [600-800) 0.969->0.443  [800-1000) 0.259->0.122
epoch   975  train 2.5967 (lat 0.0473 frac 0.2215)  val 8.7067 (lat 0.4353 frac 0.7840) ang 0.3346/0.4312  best 6.6815  556s
    frac  vs baseline: [1-300) 1.032->0.975  [300-600) 1.032->1.030  [600-800) 1.005->1.143  [800-1000) 0.258->0.302
    angle vs baseline: [1-300) 1.003->0.501  [300-600) 1.003->0.525  [600-800) 0.969->0.443  [800-1000) 0.259->0.122
epoch  1000  train 2.4966 (lat 0.0485 frac 0.2113)  val 8.7207 (lat 0.4391 frac 0.7850) ang 0.3348/0.4321  best 6.6815  570s
    frac  vs baseline: [1-300) 1.032->0.975  [300-600) 1.032->1.034  [600-800) 1.005->1.146  [800-1000) 0.258->0.304
    angle vs baseline: [1-300) 1.003->0.501  [300-600) 1.003->0.525  [600-800) 0.969->0.442  [800-1000) 0.259->0.122
epoch  1025  train 2.3146 (lat 0.0494 frac 0.1933)  val 8.7834 (lat 0.4424 frac 0.7909) ang 0.3327/0.4320  best 6.6815  585s
    frac  vs baseline: [1-300) 1.032->0.975  [300-600) 1.032->1.043  [600-800) 1.005->1.146  [800-1000) 0.258->0.308
    angle vs baseline: [1-300) 1.003->0.501  [300-600) 1.003->0.526  [600-800) 0.969->0.443  [800-1000) 0.259->0.122
epoch  1050  train 2.4126 (lat 0.0496 frac 0.2032)  val 8.8541 (lat 0.4450 frac 0.7977) ang 0.3311/0.4325  best 6.6815  599s
    frac  vs baseline: [1-300) 1.032->0.977  [300-600) 1.032->1.046  [600-800) 1.005->1.148  [800-1000) 0.258->0.308
    angle vs baseline: [1-300) 1.003->0.502  [300-600) 1.003->0.527  [600-800) 0.969->0.443  [800-1000) 0.259->0.122
epoch  1075  train 2.3229 (lat 0.0480 frac 0.1947)  val 8.9170 (lat 0.4486 frac 0.8036) ang 0.3279/0.4327  best 6.6815  614s
    frac  vs baseline: [1-300) 1.032->0.977  [300-600) 1.032->1.049  [600-800) 1.005->1.150  [800-1000) 0.258->0.310
    angle vs baseline: [1-300) 1.003->0.502  [300-600) 1.003->0.527  [600-800) 0.969->0.443  [800-1000) 0.259->0.122
epoch  1100  train 2.1678 (lat 0.0464 frac 0.1794)  val 8.9728 (lat 0.4500 frac 0.8089) ang 0.3275/0.4336  best 6.6815  629s
    frac  vs baseline: [1-300) 1.032->0.981  [300-600) 1.032->1.057  [600-800) 1.005->1.155  [800-1000) 0.258->0.311
    angle vs baseline: [1-300) 1.003->0.502  [300-600) 1.003->0.527  [600-800) 0.969->0.444  [800-1000) 0.259->0.123
epoch  1125  train 2.2455 (lat 0.0427 frac 0.1877)  val 8.9927 (lat 0.4509 frac 0.8109) ang 0.3258/0.4326  best 6.6815  643s
    frac  vs baseline: [1-300) 1.032->0.981  [300-600) 1.032->1.061  [600-800) 1.005->1.161  [800-1000) 0.258->0.313
    angle vs baseline: [1-300) 1.003->0.501  [300-600) 1.003->0.528  [600-800) 0.969->0.444  [800-1000) 0.259->0.123
epoch  1150  train 2.1005 (lat 0.0453 frac 0.1734)  val 9.0126 (lat 0.4518 frac 0.8128) ang 0.3216/0.4326  best 6.6815  658s
    frac  vs baseline: [1-300) 1.032->0.982  [300-600) 1.032->1.063  [600-800) 1.005->1.164  [800-1000) 0.258->0.316
    angle vs baseline: [1-300) 1.003->0.502  [300-600) 1.003->0.528  [600-800) 0.969->0.444  [800-1000) 0.259->0.123
epoch  1175  train 2.1183 (lat 0.0422 frac 0.1754)  val 9.0488 (lat 0.4537 frac 0.8163) ang 0.3221/0.4325  best 6.6815  673s
    frac  vs baseline: [1-300) 1.032->0.986  [300-600) 1.032->1.066  [600-800) 1.005->1.164  [800-1000) 0.258->0.316
    angle vs baseline: [1-300) 1.003->0.501  [300-600) 1.003->0.528  [600-800) 0.969->0.444  [800-1000) 0.259->0.123
epoch  1200  train 2.0795 (lat 0.0424 frac 0.1718)  val 9.1022 (lat 0.4541 frac 0.8215) ang 0.3195/0.4332  best 6.6815  687s
    frac  vs baseline: [1-300) 1.032->0.989  [300-600) 1.032->1.067  [600-800) 1.005->1.166  [800-1000) 0.258->0.318
    angle vs baseline: [1-300) 1.003->0.501  [300-600) 1.003->0.528  [600-800) 0.969->0.444  [800-1000) 0.259->0.123
epoch  1225  train 2.1024 (lat 0.0434 frac 0.1740)  val 9.1499 (lat 0.4554 frac 0.8261) ang 0.3190/0.4337  best 6.6815  702s
    frac  vs baseline: [1-300) 1.032->0.996  [300-600) 1.032->1.072  [600-800) 1.005->1.169  [800-1000) 0.258->0.320
    angle vs baseline: [1-300) 1.003->0.501  [300-600) 1.003->0.528  [600-800) 0.969->0.444  [800-1000) 0.259->0.123
epoch  1250  train 1.8641 (lat 0.0384 frac 0.1507)  val 9.1332 (lat 0.4574 frac 0.8242) ang 0.3185/0.4342  best 6.6815  716s
    frac  vs baseline: [1-300) 1.032->0.996  [300-600) 1.032->1.072  [600-800) 1.005->1.170  [800-1000) 0.258->0.320
    angle vs baseline: [1-300) 1.003->0.500  [300-600) 1.003->0.528  [600-800) 0.969->0.444  [800-1000) 0.259->0.123
epoch  1275  train 1.9066 (lat 0.0359 frac 0.1553)  val 9.1453 (lat 0.4594 frac 0.8251) ang 0.3178/0.4349  best 6.6815  731s
    frac  vs baseline: [1-300) 1.032->0.996  [300-600) 1.032->1.078  [600-800) 1.005->1.171  [800-1000) 0.258->0.323
    angle vs baseline: [1-300) 1.003->0.500  [300-600) 1.003->0.528  [600-800) 0.969->0.444  [800-1000) 0.259->0.123
epoch  1300  train 1.9803 (lat 0.0366 frac 0.1627)  val 9.1600 (lat 0.4596 frac 0.8265) ang 0.3169/0.4353  best 6.6815  746s
    frac  vs baseline: [1-300) 1.032->0.997  [300-600) 1.032->1.081  [600-800) 1.005->1.166  [800-1000) 0.258->0.324
    angle vs baseline: [1-300) 1.003->0.499  [300-600) 1.003->0.529  [600-800) 0.969->0.444  [800-1000) 0.259->0.123
epoch  1325  train 1.8112 (lat 0.0340 frac 0.1464)  val 9.1921 (lat 0.4601 frac 0.8297) ang 0.3131/0.4349  best 6.6815  760s
    frac  vs baseline: [1-300) 1.032->1.001  [300-600) 1.032->1.085  [600-800) 1.005->1.168  [800-1000) 0.258->0.325
    angle vs baseline: [1-300) 1.003->0.500  [300-600) 1.003->0.529  [600-800) 0.969->0.444  [800-1000) 0.259->0.123
epoch  1350  train 1.8317 (lat 0.0352 frac 0.1485)  val 9.2437 (lat 0.4614 frac 0.8347) ang 0.3111/0.4352  best 6.6815  775s
    frac  vs baseline: [1-300) 1.032->1.006  [300-600) 1.032->1.087  [600-800) 1.005->1.175  [800-1000) 0.258->0.327
    angle vs baseline: [1-300) 1.003->0.501  [300-600) 1.003->0.530  [600-800) 0.969->0.444  [800-1000) 0.259->0.123
epoch  1375  train 1.6948 (lat 0.0348 frac 0.1351)  val 9.2921 (lat 0.4632 frac 0.8394) ang 0.3093/0.4349  best 6.6815  790s
    frac  vs baseline: [1-300) 1.032->1.008  [300-600) 1.032->1.086  [600-800) 1.005->1.177  [800-1000) 0.258->0.329
    angle vs baseline: [1-300) 1.003->0.501  [300-600) 1.003->0.530  [600-800) 0.969->0.445  [800-1000) 0.259->0.123
epoch  1400  train 1.8014 (lat 0.0310 frac 0.1461)  val 9.3134 (lat 0.4636 frac 0.8415) ang 0.3091/0.4343  best 6.6815  804s
    frac  vs baseline: [1-300) 1.032->1.009  [300-600) 1.032->1.087  [600-800) 1.005->1.180  [800-1000) 0.258->0.330
    angle vs baseline: [1-300) 1.003->0.501  [300-600) 1.003->0.530  [600-800) 0.969->0.445  [800-1000) 0.259->0.123
epoch  1425  train 1.6871 (lat 0.0296 frac 0.1350)  val 9.3178 (lat 0.4648 frac 0.8419) ang 0.3078/0.4344  best 6.6815  818s
    frac  vs baseline: [1-300) 1.032->1.006  [300-600) 1.032->1.086  [600-800) 1.005->1.180  [800-1000) 0.258->0.331
    angle vs baseline: [1-300) 1.003->0.501  [300-600) 1.003->0.529  [600-800) 0.969->0.445  [800-1000) 0.259->0.123
epoch  1450  train 1.6670 (lat 0.0304 frac 0.1329)  val 9.3296 (lat 0.4643 frac 0.8431) ang 0.3076/0.4346  best 6.6815  832s
    frac  vs baseline: [1-300) 1.032->1.007  [300-600) 1.032->1.090  [600-800) 1.005->1.183  [800-1000) 0.258->0.332
    angle vs baseline: [1-300) 1.003->0.501  [300-600) 1.003->0.529  [600-800) 0.969->0.446  [800-1000) 0.259->0.123
epoch  1475  train 1.6565 (lat 0.0296 frac 0.1320)  val 9.3282 (lat 0.4632 frac 0.8430) ang 0.3068/0.4347  best 6.6815  846s
    frac  vs baseline: [1-300) 1.032->1.005  [300-600) 1.032->1.088  [600-800) 1.005->1.184  [800-1000) 0.258->0.334
    angle vs baseline: [1-300) 1.003->0.501  [300-600) 1.003->0.529  [600-800) 0.969->0.446  [800-1000) 0.259->0.123
epoch  1500  train 1.6230 (lat 0.0291 frac 0.1288)  val 9.3726 (lat 0.4610 frac 0.8476) ang 0.3062/0.4351  best 6.6815  861s
    frac  vs baseline: [1-300) 1.032->1.006  [300-600) 1.032->1.086  [600-800) 1.005->1.187  [800-1000) 0.258->0.335
    angle vs baseline: [1-300) 1.003->0.501  [300-600) 1.003->0.528  [600-800) 0.969->0.447  [800-1000) 0.259->0.123
epoch  1525  train 1.5935 (lat 0.0290 frac 0.1262)  val 9.4003 (lat 0.4611 frac 0.8504) ang 0.3022/0.4354  best 6.6815  876s
    frac  vs baseline: [1-300) 1.032->1.006  [300-600) 1.032->1.089  [600-800) 1.005->1.191  [800-1000) 0.258->0.336
    angle vs baseline: [1-300) 1.003->0.501  [300-600) 1.003->0.529  [600-800) 0.969->0.447  [800-1000) 0.259->0.123
epoch  1550  train 1.6010 (lat 0.0270 frac 0.1274)  val 9.4422 (lat 0.4604 frac 0.8545) ang 0.3002/0.4363  best 6.6815  890s
    frac  vs baseline: [1-300) 1.032->1.011  [300-600) 1.032->1.090  [600-800) 1.005->1.194  [800-1000) 0.258->0.337
    angle vs baseline: [1-300) 1.003->0.501  [300-600) 1.003->0.529  [600-800) 0.969->0.448  [800-1000) 0.259->0.123
epoch  1575  train 1.5244 (lat 0.0268 frac 0.1196)  val 9.4488 (lat 0.4595 frac 0.8553) ang 0.3012/0.4361  best 6.6815  905s
    frac  vs baseline: [1-300) 1.032->1.010  [300-600) 1.032->1.087  [600-800) 1.005->1.195  [800-1000) 0.258->0.337
    angle vs baseline: [1-300) 1.003->0.502  [300-600) 1.003->0.529  [600-800) 0.969->0.448  [800-1000) 0.259->0.123
epoch  1600  train 1.4699 (lat 0.0261 frac 0.1144)  val 9.4788 (lat 0.4587 frac 0.8584) ang 0.2998/0.4359  best 6.6815  919s
    frac  vs baseline: [1-300) 1.032->1.013  [300-600) 1.032->1.091  [600-800) 1.005->1.196  [800-1000) 0.258->0.339
    angle vs baseline: [1-300) 1.003->0.502  [300-600) 1.003->0.530  [600-800) 0.969->0.449  [800-1000) 0.259->0.123
epoch  1625  train 1.5386 (lat 0.0256 frac 0.1212)  val 9.4697 (lat 0.4582 frac 0.8576) ang 0.3013/0.4359  best 6.6815  934s
    frac  vs baseline: [1-300) 1.032->1.017  [300-600) 1.032->1.092  [600-800) 1.005->1.197  [800-1000) 0.258->0.341
    angle vs baseline: [1-300) 1.003->0.502  [300-600) 1.003->0.530  [600-800) 0.969->0.449  [800-1000) 0.259->0.123
epoch  1650  train 1.4258 (lat 0.0251 frac 0.1104)  val 9.4875 (lat 0.4603 frac 0.8591) ang 0.2969/0.4363  best 6.6815  949s
    frac  vs baseline: [1-300) 1.032->1.020  [300-600) 1.032->1.093  [600-800) 1.005->1.198  [800-1000) 0.258->0.344
    angle vs baseline: [1-300) 1.003->0.503  [300-600) 1.003->0.530  [600-800) 0.969->0.449  [800-1000) 0.259->0.123
epoch  1675  train 1.3448 (lat 0.0235 frac 0.1026)  val 9.5353 (lat 0.4589 frac 0.8639) ang 0.2955/0.4371  best 6.6815  963s
    frac  vs baseline: [1-300) 1.032->1.023  [300-600) 1.032->1.093  [600-800) 1.005->1.201  [800-1000) 0.258->0.347
    angle vs baseline: [1-300) 1.003->0.503  [300-600) 1.003->0.531  [600-800) 0.969->0.450  [800-1000) 0.259->0.123
epoch  1700  train 1.4602 (lat 0.0246 frac 0.1141)  val 9.5826 (lat 0.4581 frac 0.8687) ang 0.2949/0.4376  best 6.6815  978s
    frac  vs baseline: [1-300) 1.032->1.023  [300-600) 1.032->1.094  [600-800) 1.005->1.205  [800-1000) 0.258->0.350
    angle vs baseline: [1-300) 1.003->0.503  [300-600) 1.003->0.531  [600-800) 0.969->0.451  [800-1000) 0.259->0.123
epoch  1725  train 1.2855 (lat 0.0230 frac 0.0967)  val 9.6208 (lat 0.4605 frac 0.8722) ang 0.2954/0.4382  best 6.6815  992s
    frac  vs baseline: [1-300) 1.032->1.023  [300-600) 1.032->1.098  [600-800) 1.005->1.211  [800-1000) 0.258->0.353
    angle vs baseline: [1-300) 1.003->0.503  [300-600) 1.003->0.531  [600-800) 0.969->0.451  [800-1000) 0.259->0.123
epoch  1750  train 1.4414 (lat 0.0249 frac 0.1123)  val 9.6485 (lat 0.4609 frac 0.8749) ang 0.2938/0.4386  best 6.6815  1007s
    frac  vs baseline: [1-300) 1.032->1.023  [300-600) 1.032->1.104  [600-800) 1.005->1.217  [800-1000) 0.258->0.356
    angle vs baseline: [1-300) 1.003->0.503  [300-600) 1.003->0.531  [600-800) 0.969->0.452  [800-1000) 0.259->0.123
epoch  1775  train 1.3781 (lat 0.0220 frac 0.1065)  val 9.6761 (lat 0.4621 frac 0.8775) ang 0.2910/0.4391  best 6.6815  1021s
    frac  vs baseline: [1-300) 1.032->1.020  [300-600) 1.032->1.104  [600-800) 1.005->1.220  [800-1000) 0.258->0.357
    angle vs baseline: [1-300) 1.003->0.503  [300-600) 1.003->0.531  [600-800) 0.969->0.453  [800-1000) 0.259->0.123
epoch  1800  train 1.3819 (lat 0.0212 frac 0.1071)  val 9.7146 (lat 0.4617 frac 0.8813) ang 0.2901/0.4397  best 6.6815  1036s
    frac  vs baseline: [1-300) 1.032->1.023  [300-600) 1.032->1.110  [600-800) 1.005->1.230  [800-1000) 0.258->0.360
    angle vs baseline: [1-300) 1.003->0.503  [300-600) 1.003->0.532  [600-800) 0.969->0.453  [800-1000) 0.259->0.123
epoch  1825  train 1.2798 (lat 0.0222 frac 0.0969)  val 9.7471 (lat 0.4615 frac 0.8846) ang 0.2890/0.4401  best 6.6815  1051s
    frac  vs baseline: [1-300) 1.032->1.026  [300-600) 1.032->1.114  [600-800) 1.005->1.235  [800-1000) 0.258->0.363
    angle vs baseline: [1-300) 1.003->0.503  [300-600) 1.003->0.531  [600-800) 0.969->0.453  [800-1000) 0.259->0.123
epoch  1850  train 1.3285 (lat 0.0191 frac 0.1022)  val 9.7876 (lat 0.4612 frac 0.8885) ang 0.2873/0.4411  best 6.6815  1065s
    frac  vs baseline: [1-300) 1.032->1.028  [300-600) 1.032->1.120  [600-800) 1.005->1.243  [800-1000) 0.258->0.365
    angle vs baseline: [1-300) 1.003->0.504  [300-600) 1.003->0.532  [600-800) 0.969->0.454  [800-1000) 0.259->0.123
epoch  1875  train 1.2077 (lat 0.0189 frac 0.0903)  val 9.8277 (lat 0.4616 frac 0.8925) ang 0.2857/0.4414  best 6.6815  1080s
    frac  vs baseline: [1-300) 1.032->1.030  [300-600) 1.032->1.124  [600-800) 1.005->1.247  [800-1000) 0.258->0.367
    angle vs baseline: [1-300) 1.003->0.504  [300-600) 1.003->0.532  [600-800) 0.969->0.455  [800-1000) 0.259->0.123
epoch  1900  train 1.1552 (lat 0.0184 frac 0.0852)  val 9.8933 (lat 0.4627 frac 0.8988) ang 0.2843/0.4422  best 6.6815  1095s
    frac  vs baseline: [1-300) 1.032->1.035  [300-600) 1.032->1.131  [600-800) 1.005->1.257  [800-1000) 0.258->0.370
    angle vs baseline: [1-300) 1.003->0.504  [300-600) 1.003->0.533  [600-800) 0.969->0.455  [800-1000) 0.259->0.123
epoch  1925  train 1.1551 (lat 0.0182 frac 0.0853)  val 9.9676 (lat 0.4639 frac 0.9061) ang 0.2839/0.4422  best 6.6815  1109s
    frac  vs baseline: [1-300) 1.032->1.040  [300-600) 1.032->1.139  [600-800) 1.005->1.268  [800-1000) 0.258->0.372
    angle vs baseline: [1-300) 1.003->0.504  [300-600) 1.003->0.533  [600-800) 0.969->0.455  [800-1000) 0.259->0.123
epoch  1950  train 1.2086 (lat 0.0173 frac 0.0907)  val 10.0356 (lat 0.4641 frac 0.9129) ang 0.2846/0.4421  best 6.6815  1124s
    frac  vs baseline: [1-300) 1.032->1.046  [300-600) 1.032->1.145  [600-800) 1.005->1.277  [800-1000) 0.258->0.376
    angle vs baseline: [1-300) 1.003->0.505  [300-600) 1.003->0.534  [600-800) 0.969->0.456  [800-1000) 0.259->0.123
epoch  1975  train 1.1805 (lat 0.0174 frac 0.0879)  val 10.1121 (lat 0.4645 frac 0.9206) ang 0.2843/0.4417  best 6.6815  1138s
    frac  vs baseline: [1-300) 1.032->1.051  [300-600) 1.032->1.152  [600-800) 1.005->1.285  [800-1000) 0.258->0.379
    angle vs baseline: [1-300) 1.003->0.505  [300-600) 1.003->0.534  [600-800) 0.969->0.456  [800-1000) 0.259->0.123
epoch  2000  train 1.1635 (lat 0.0189 frac 0.0861)  val 10.1767 (lat 0.4643 frac 0.9271) ang 0.2832/0.4414  best 6.6815  1153s
    frac  vs baseline: [1-300) 1.032->1.055  [300-600) 1.032->1.162  [600-800) 1.005->1.297  [800-1000) 0.258->0.382
    angle vs baseline: [1-300) 1.003->0.506  [300-600) 1.003->0.534  [600-800) 0.969->0.457  [800-1000) 0.259->0.123
epoch  2025  train 1.1398 (lat 0.0192 frac 0.0838)  val 10.2579 (lat 0.4661 frac 0.9350) ang 0.2824/0.4418  best 6.6815  1168s
    frac  vs baseline: [1-300) 1.032->1.061  [300-600) 1.032->1.171  [600-800) 1.005->1.309  [800-1000) 0.258->0.385
    angle vs baseline: [1-300) 1.003->0.507  [300-600) 1.003->0.535  [600-800) 0.969->0.457  [800-1000) 0.259->0.124
epoch  2050  train 1.1755 (lat 0.0185 frac 0.0876)  val 10.3118 (lat 0.4677 frac 0.9402) ang 0.2805/0.4422  best 6.6815  1182s
    frac  vs baseline: [1-300) 1.032->1.066  [300-600) 1.032->1.178  [600-800) 1.005->1.321  [800-1000) 0.258->0.388
    angle vs baseline: [1-300) 1.003->0.507  [300-600) 1.003->0.535  [600-800) 0.969->0.457  [800-1000) 0.259->0.124
epoch  2075  train 1.1166 (lat 0.0176 frac 0.0818)  val 10.3692 (lat 0.4683 frac 0.9458) ang 0.2814/0.4429  best 6.6815  1197s
    frac  vs baseline: [1-300) 1.032->1.071  [300-600) 1.032->1.185  [600-800) 1.005->1.333  [800-1000) 0.258->0.392
    angle vs baseline: [1-300) 1.003->0.508  [300-600) 1.003->0.535  [600-800) 0.969->0.457  [800-1000) 0.259->0.124
epoch  2100  train 1.0970 (lat 0.0177 frac 0.0797)  val 10.4119 (lat 0.4682 frac 0.9500) ang 0.2826/0.4435  best 6.6815  1212s
    frac  vs baseline: [1-300) 1.032->1.074  [300-600) 1.032->1.191  [600-800) 1.005->1.342  [800-1000) 0.258->0.396
    angle vs baseline: [1-300) 1.003->0.509  [300-600) 1.003->0.535  [600-800) 0.969->0.458  [800-1000) 0.259->0.124
epoch  2125  train 1.0807 (lat 0.0166 frac 0.0785)  val 10.4598 (lat 0.4668 frac 0.9549) ang 0.2796/0.4440  best 6.6815  1226s
    frac  vs baseline: [1-300) 1.032->1.079  [300-600) 1.032->1.197  [600-800) 1.005->1.351  [800-1000) 0.258->0.400
    angle vs baseline: [1-300) 1.003->0.509  [300-600) 1.003->0.535  [600-800) 0.969->0.458  [800-1000) 0.259->0.124
epoch  2150  train 1.0305 (lat 0.0159 frac 0.0736)  val 10.4966 (lat 0.4649 frac 0.9587) ang 0.2786/0.4445  best 6.6815  1241s
    frac  vs baseline: [1-300) 1.032->1.083  [300-600) 1.032->1.204  [600-800) 1.005->1.359  [800-1000) 0.258->0.402
    angle vs baseline: [1-300) 1.003->0.509  [300-600) 1.003->0.535  [600-800) 0.969->0.458  [800-1000) 0.259->0.124
epoch  2175  train 0.9818 (lat 0.0153 frac 0.0689)  val 10.5545 (lat 0.4645 frac 0.9645) ang 0.2777/0.4449  best 6.6815  1255s
    frac  vs baseline: [1-300) 1.032->1.087  [300-600) 1.032->1.209  [600-800) 1.005->1.363  [800-1000) 0.258->0.405
    angle vs baseline: [1-300) 1.003->0.509  [300-600) 1.003->0.536  [600-800) 0.969->0.458  [800-1000) 0.259->0.124
epoch  2200  train 0.9978 (lat 0.0156 frac 0.0705)  val 10.6132 (lat 0.4648 frac 0.9704) ang 0.2776/0.4449  best 6.6815  1270s
    frac  vs baseline: [1-300) 1.032->1.091  [300-600) 1.032->1.211  [600-800) 1.005->1.369  [800-1000) 0.258->0.408
    angle vs baseline: [1-300) 1.003->0.509  [300-600) 1.003->0.536  [600-800) 0.969->0.458  [800-1000) 0.259->0.124
epoch  2225  train 0.9711 (lat 0.0158 frac 0.0678)  val 10.6709 (lat 0.4652 frac 0.9760) ang 0.2772/0.4452  best 6.6815  1285s
    frac  vs baseline: [1-300) 1.032->1.097  [300-600) 1.032->1.217  [600-800) 1.005->1.376  [800-1000) 0.258->0.412
    angle vs baseline: [1-300) 1.003->0.509  [300-600) 1.003->0.536  [600-800) 0.969->0.458  [800-1000) 0.259->0.125
epoch  2250  train 0.9155 (lat 0.0160 frac 0.0622)  val 10.7155 (lat 0.4656 frac 0.9804) ang 0.2774/0.4456  best 6.6815  1300s
    frac  vs baseline: [1-300) 1.032->1.102  [300-600) 1.032->1.223  [600-800) 1.005->1.385  [800-1000) 0.258->0.415
    angle vs baseline: [1-300) 1.003->0.510  [300-600) 1.003->0.536  [600-800) 0.969->0.458  [800-1000) 0.259->0.125
epoch  2275  train 0.8986 (lat 0.0145 frac 0.0607)  val 10.7839 (lat 0.4648 frac 0.9873) ang 0.2769/0.4462  best 6.6815  1314s
    frac  vs baseline: [1-300) 1.032->1.107  [300-600) 1.032->1.230  [600-800) 1.005->1.393  [800-1000) 0.258->0.418
    angle vs baseline: [1-300) 1.003->0.510  [300-600) 1.003->0.536  [600-800) 0.969->0.459  [800-1000) 0.259->0.125
epoch  2300  train 0.9063 (lat 0.0140 frac 0.0617)  val 10.8403 (lat 0.4648 frac 0.9929) ang 0.2748/0.4463  best 6.6815  1329s
    frac  vs baseline: [1-300) 1.032->1.111  [300-600) 1.032->1.233  [600-800) 1.005->1.401  [800-1000) 0.258->0.421
    angle vs baseline: [1-300) 1.003->0.510  [300-600) 1.003->0.537  [600-800) 0.969->0.459  [800-1000) 0.259->0.125
epoch  2325  train 0.8876 (lat 0.0149 frac 0.0598)  val 10.9062 (lat 0.4658 frac 0.9994) ang 0.2746/0.4466  best 6.6815  1343s
    frac  vs baseline: [1-300) 1.032->1.114  [300-600) 1.032->1.237  [600-800) 1.005->1.410  [800-1000) 0.258->0.423
    angle vs baseline: [1-300) 1.003->0.510  [300-600) 1.003->0.537  [600-800) 0.969->0.459  [800-1000) 0.259->0.125
epoch  2350  train 0.8893 (lat 0.0151 frac 0.0599)  val 10.9535 (lat 0.4668 frac 1.0040) ang 0.2754/0.4468  best 6.6815  1358s
    frac  vs baseline: [1-300) 1.032->1.118  [300-600) 1.032->1.241  [600-800) 1.005->1.417  [800-1000) 0.258->0.426
    angle vs baseline: [1-300) 1.003->0.511  [300-600) 1.003->0.537  [600-800) 0.969->0.459  [800-1000) 0.259->0.125
epoch  2375  train 0.8837 (lat 0.0149 frac 0.0594)  val 11.0030 (lat 0.4680 frac 1.0088) ang 0.2750/0.4470  best 6.6815  1373s
    frac  vs baseline: [1-300) 1.032->1.123  [300-600) 1.032->1.247  [600-800) 1.005->1.424  [800-1000) 0.258->0.429
    angle vs baseline: [1-300) 1.003->0.511  [300-600) 1.003->0.537  [600-800) 0.969->0.459  [800-1000) 0.259->0.125
epoch  2400  train 0.8267 (lat 0.0137 frac 0.0539)  val 11.0609 (lat 0.4692 frac 1.0145) ang 0.2736/0.4471  best 6.6815  1387s
    frac  vs baseline: [1-300) 1.032->1.128  [300-600) 1.032->1.253  [600-800) 1.005->1.432  [800-1000) 0.258->0.433
    angle vs baseline: [1-300) 1.003->0.512  [300-600) 1.003->0.537  [600-800) 0.969->0.459  [800-1000) 0.259->0.125
epoch  2425  train 0.8176 (lat 0.0127 frac 0.0534)  val 11.1199 (lat 0.4690 frac 1.0204) ang 0.2713/0.4473  best 6.6815  1402s
    frac  vs baseline: [1-300) 1.032->1.133  [300-600) 1.032->1.259  [600-800) 1.005->1.440  [800-1000) 0.258->0.437
    angle vs baseline: [1-300) 1.003->0.512  [300-600) 1.003->0.537  [600-800) 0.969->0.459  [800-1000) 0.259->0.125
epoch  2450  train 0.8350 (lat 0.0126 frac 0.0553)  val 11.1800 (lat 0.4691 frac 1.0263) ang 0.2698/0.4474  best 6.6815  1417s
    frac  vs baseline: [1-300) 1.032->1.137  [300-600) 1.032->1.263  [600-800) 1.005->1.448  [800-1000) 0.258->0.441
    angle vs baseline: [1-300) 1.003->0.512  [300-600) 1.003->0.537  [600-800) 0.969->0.459  [800-1000) 0.259->0.125
epoch  2475  train 0.7983 (lat 0.0118 frac 0.0517)  val 11.2353 (lat 0.4692 frac 1.0319) ang 0.2697/0.4474  best 6.6815  1431s
    frac  vs baseline: [1-300) 1.032->1.141  [300-600) 1.032->1.268  [600-800) 1.005->1.454  [800-1000) 0.258->0.445
    angle vs baseline: [1-300) 1.003->0.512  [300-600) 1.003->0.537  [600-800) 0.969->0.460  [800-1000) 0.259->0.125
epoch  2500  train 0.7953 (lat 0.0120 frac 0.0513)  val 11.2959 (lat 0.4696 frac 1.0379) ang 0.2699/0.4474  best 6.6815  1446s
    frac  vs baseline: [1-300) 1.032->1.146  [300-600) 1.032->1.275  [600-800) 1.005->1.462  [800-1000) 0.258->0.449
    angle vs baseline: [1-300) 1.003->0.513  [300-600) 1.003->0.537  [600-800) 0.969->0.460  [800-1000) 0.259->0.125
epoch  2525  train 0.7754 (lat 0.0117 frac 0.0494)  val 11.3562 (lat 0.4702 frac 1.0439) ang 0.2695/0.4474  best 6.6815  1460s
    frac  vs baseline: [1-300) 1.032->1.152  [300-600) 1.032->1.281  [600-800) 1.005->1.469  [800-1000) 0.258->0.453
    angle vs baseline: [1-300) 1.003->0.513  [300-600) 1.003->0.537  [600-800) 0.969->0.460  [800-1000) 0.259->0.125
epoch  2550  train 0.7568 (lat 0.0109 frac 0.0477)  val 11.4102 (lat 0.4710 frac 1.0492) ang 0.2687/0.4476  best 6.6815  1475s
    frac  vs baseline: [1-300) 1.032->1.156  [300-600) 1.032->1.286  [600-800) 1.005->1.476  [800-1000) 0.258->0.456
    angle vs baseline: [1-300) 1.003->0.513  [300-600) 1.003->0.537  [600-800) 0.969->0.460  [800-1000) 0.259->0.125
epoch  2575  train 0.7485 (lat 0.0110 frac 0.0470)  val 11.4616 (lat 0.4714 frac 1.0543) ang 0.2680/0.4477  best 6.6815  1490s
    frac  vs baseline: [1-300) 1.032->1.160  [300-600) 1.032->1.292  [600-800) 1.005->1.482  [800-1000) 0.258->0.460
    angle vs baseline: [1-300) 1.003->0.513  [300-600) 1.003->0.537  [600-800) 0.969->0.460  [800-1000) 0.259->0.125
epoch  2600  train 0.7525 (lat 0.0113 frac 0.0473)  val 11.5131 (lat 0.4716 frac 1.0594) ang 0.2677/0.4478  best 6.6815  1504s
    frac  vs baseline: [1-300) 1.032->1.164  [300-600) 1.032->1.298  [600-800) 1.005->1.489  [800-1000) 0.258->0.463
    angle vs baseline: [1-300) 1.003->0.513  [300-600) 1.003->0.537  [600-800) 0.969->0.460  [800-1000) 0.259->0.125
epoch  2625  train 0.7431 (lat 0.0109 frac 0.0465)  val 11.5622 (lat 0.4720 frac 1.0642) ang 0.2674/0.4478  best 6.6815  1519s
    frac  vs baseline: [1-300) 1.032->1.168  [300-600) 1.032->1.305  [600-800) 1.005->1.495  [800-1000) 0.258->0.466
    angle vs baseline: [1-300) 1.003->0.513  [300-600) 1.003->0.537  [600-800) 0.969->0.460  [800-1000) 0.259->0.125
epoch  2650  train 0.7398 (lat 0.0107 frac 0.0462)  val 11.6045 (lat 0.4724 frac 1.0684) ang 0.2670/0.4478  best 6.6815  1534s
    frac  vs baseline: [1-300) 1.032->1.170  [300-600) 1.032->1.310  [600-800) 1.005->1.501  [800-1000) 0.258->0.469
    angle vs baseline: [1-300) 1.003->0.513  [300-600) 1.003->0.537  [600-800) 0.969->0.460  [800-1000) 0.259->0.125
epoch  2675  train 0.7378 (lat 0.0107 frac 0.0460)  val 11.6404 (lat 0.4729 frac 1.0720) ang 0.2667/0.4479  best 6.6815  1549s
    frac  vs baseline: [1-300) 1.032->1.172  [300-600) 1.032->1.315  [600-800) 1.005->1.506  [800-1000) 0.258->0.472
    angle vs baseline: [1-300) 1.003->0.512  [300-600) 1.003->0.537  [600-800) 0.969->0.460  [800-1000) 0.259->0.125
epoch  2700  train 0.7319 (lat 0.0106 frac 0.0455)  val 11.6703 (lat 0.4733 frac 1.0749) ang 0.2662/0.4480  best 6.6815  1563s
    frac  vs baseline: [1-300) 1.032->1.175  [300-600) 1.032->1.319  [600-800) 1.005->1.511  [800-1000) 0.258->0.474
    angle vs baseline: [1-300) 1.003->0.512  [300-600) 1.003->0.537  [600-800) 0.969->0.460  [800-1000) 0.259->0.125
epoch  2725  train 0.7254 (lat 0.0104 frac 0.0449)  val 11.6960 (lat 0.4736 frac 1.0774) ang 0.2657/0.4481  best 6.6815  1578s
    frac  vs baseline: [1-300) 1.032->1.178  [300-600) 1.032->1.321  [600-800) 1.005->1.515  [800-1000) 0.258->0.475
    angle vs baseline: [1-300) 1.003->0.512  [300-600) 1.003->0.537  [600-800) 0.969->0.460  [800-1000) 0.259->0.125
epoch  2750  train 0.7227 (lat 0.0103 frac 0.0447)  val 11.7145 (lat 0.4739 frac 1.0793) ang 0.2653/0.4481  best 6.6815  1593s
    frac  vs baseline: [1-300) 1.032->1.180  [300-600) 1.032->1.323  [600-800) 1.005->1.518  [800-1000) 0.258->0.477
    angle vs baseline: [1-300) 1.003->0.512  [300-600) 1.003->0.537  [600-800) 0.969->0.461  [800-1000) 0.259->0.126
epoch  2775  train 0.7221 (lat 0.0102 frac 0.0447)  val 11.7277 (lat 0.4740 frac 1.0805) ang 0.2650/0.4482  best 6.6815  1607s
    frac  vs baseline: [1-300) 1.032->1.182  [300-600) 1.032->1.325  [600-800) 1.005->1.521  [800-1000) 0.258->0.478
    angle vs baseline: [1-300) 1.003->0.512  [300-600) 1.003->0.537  [600-800) 0.969->0.461  [800-1000) 0.259->0.126
epoch  2800  train 0.7213 (lat 0.0100 frac 0.0447)  val 11.7355 (lat 0.4741 frac 1.0813) ang 0.2647/0.4483  best 6.6815  1621s
    frac  vs baseline: [1-300) 1.032->1.184  [300-600) 1.032->1.326  [600-800) 1.005->1.523  [800-1000) 0.258->0.479
    angle vs baseline: [1-300) 1.003->0.512  [300-600) 1.003->0.537  [600-800) 0.969->0.461  [800-1000) 0.259->0.126
epoch  2825  train 0.7207 (lat 0.0099 frac 0.0446)  val 11.7375 (lat 0.4741 frac 1.0815) ang 0.2644/0.4483  best 6.6815  1635s
    frac  vs baseline: [1-300) 1.032->1.185  [300-600) 1.032->1.326  [600-800) 1.005->1.524  [800-1000) 0.258->0.479
    angle vs baseline: [1-300) 1.003->0.512  [300-600) 1.003->0.537  [600-800) 0.969->0.461  [800-1000) 0.259->0.126
epoch  2850  train 0.7192 (lat 0.0097 frac 0.0445)  val 11.7345 (lat 0.4742 frac 1.0812) ang 0.2641/0.4484  best 6.6815  1649s
    frac  vs baseline: [1-300) 1.032->1.185  [300-600) 1.032->1.326  [600-800) 1.005->1.524  [800-1000) 0.258->0.479
    angle vs baseline: [1-300) 1.003->0.512  [300-600) 1.003->0.537  [600-800) 0.969->0.461  [800-1000) 0.259->0.126
epoch  2875  train 0.7171 (lat 0.0096 frac 0.0444)  val 11.7287 (lat 0.4742 frac 1.0806) ang 0.2640/0.4485  best 6.6815  1664s
    frac  vs baseline: [1-300) 1.032->1.185  [300-600) 1.032->1.325  [600-800) 1.005->1.523  [800-1000) 0.258->0.479
    angle vs baseline: [1-300) 1.003->0.512  [300-600) 1.003->0.537  [600-800) 0.969->0.461  [800-1000) 0.259->0.126
epoch  2900  train 0.7146 (lat 0.0094 frac 0.0441)  val 11.7224 (lat 0.4742 frac 1.0800) ang 0.2639/0.4485  best 6.6815  1679s
    frac  vs baseline: [1-300) 1.032->1.184  [300-600) 1.032->1.324  [600-800) 1.005->1.523  [800-1000) 0.258->0.479
    angle vs baseline: [1-300) 1.003->0.512  [300-600) 1.003->0.537  [600-800) 0.969->0.461  [800-1000) 0.259->0.126
epoch  2925  train 0.7118 (lat 0.0094 frac 0.0439)  val 11.7172 (lat 0.4742 frac 1.0794) ang 0.2638/0.4486  best 6.6815  1694s
    frac  vs baseline: [1-300) 1.032->1.184  [300-600) 1.032->1.324  [600-800) 1.005->1.522  [800-1000) 0.258->0.478
    angle vs baseline: [1-300) 1.003->0.512  [300-600) 1.003->0.537  [600-800) 0.969->0.461  [800-1000) 0.259->0.126
epoch  2950  train 0.7099 (lat 0.0093 frac 0.0437)  val 11.7136 (lat 0.4742 frac 1.0791) ang 0.2637/0.4486  best 6.6815  1708s
    frac  vs baseline: [1-300) 1.032->1.183  [300-600) 1.032->1.323  [600-800) 1.005->1.521  [800-1000) 0.258->0.478
    angle vs baseline: [1-300) 1.003->0.512  [300-600) 1.003->0.537  [600-800) 0.969->0.461  [800-1000) 0.259->0.126
epoch  2975  train 0.7089 (lat 0.0093 frac 0.0436)  val 11.7112 (lat 0.4742 frac 1.0788) ang 0.2637/0.4486  best 6.6815  1723s
    frac  vs baseline: [1-300) 1.032->1.183  [300-600) 1.032->1.323  [600-800) 1.005->1.521  [800-1000) 0.258->0.478
    angle vs baseline: [1-300) 1.003->0.512  [300-600) 1.003->0.537  [600-800) 0.969->0.461  [800-1000) 0.259->0.126
epoch  3000  train 0.7085 (lat 0.0093 frac 0.0436)  val 11.7097 (lat 0.4742 frac 1.0787) ang 0.2637/0.4487  best 6.6815  1738s
    frac  vs baseline: [1-300) 1.032->1.183  [300-600) 1.032->1.323  [600-800) 1.005->1.521  [800-1000) 0.258->0.478
    angle vs baseline: [1-300) 1.003->0.512  [300-600) 1.003->0.537  [600-800) 0.969->0.461  [800-1000) 0.259->0.126
done in 1738s  best structural val 6.6815 at epoch 303
[jarvis_nolg_b3-seed0/train] done in 1742s
[jarvis_nolg_b3-seed0/generate] $ python -u /home/ccamp104/repositories/alignn-csp-ablation/alignn/scripts/atombench/generate_benchmark.py --checkpoint /data/ccamp104/alignn_csp_lgmatrix/jarvis/train/jarvis_nolg_b3/seed0/best_model.pt --data-dir /data/ccamp104/alignn_csp_lgmatrix/jarvis/data/jarvis --split test --output-csv /data/ccamp104/alignn_csp_lgmatrix/jarvis/train/jarvis_nolg_b3/seed0/bench/nosym/pred.csv --num-candidates 32 --guidance 2.0 --relax cell --rank energy --relax-steps 200 --seed 0 --device cuda --save-candidates /data/ccamp104/alignn_csp_lgmatrix/jarvis/train/jarvis_nolg_b3/seed0/bench/nosym/candidates.json --prescreen-keep 4 --relax-workers 16
model modalities=['prop', 'composition'] active=all
103 targets, 32 candidates each
  sampled chunk 1/4 (908 structures, 180s)
  sampled chunk 2/4 (884 structures, 367s)
  sampled chunk 3/4 (912 structures, 547s)
  sampled chunk 4/4 (592 structures, 681s)
dir_path /home/ccamp104/.cache/atomgptlab/alignn_ff/matpes_r2scan
dir_path /home/ccamp104/.cache/atomgptlab/alignn_ff/matpes_r2scan
dir_path /home/ccamp104/.cache/atomgptlab/alignn_ff/matpes_r2scan
dir_path /home/ccamp104/.cache/atomgptlab/alignn_ff/matpes_r2scan
dir_path /home/ccamp104/.cache/atomgptlab/alignn_ff/matpes_r2scan
dir_path /home/ccamp104/.cache/atomgptlab/alignn_ff/matpes_r2scan
dir_path /home/ccamp104/.cache/atomgptlab/alignn_ff/matpes_r2scan
dir_path /home/ccamp104/.cache/atomgptlab/alignn_ff/matpes_r2scan
dir_path /home/ccamp104/.cache/atomgptlab/alignn_ff/matpes_r2scan
dir_path /home/ccamp104/.cache/atomgptlab/alignn_ff/matpes_r2scan
dir_path /home/ccamp104/.cache/atomgptlab/alignn_ff/matpes_r2scan
dir_path /home/ccamp104/.cache/atomgptlab/alignn_ff/matpes_r2scan
dir_path /home/ccamp104/.cache/atomgptlab/alignn_ff/matpes_r2scan
dir_path /home/ccamp104/.cache/atomgptlab/alignn_ff/matpes_r2scan
dir_path /home/ccamp104/.cache/atomgptlab/alignn_ff/matpes_r2scan
dir_path /home/ccamp104/.cache/atomgptlab/alignn_ff/matpes_r2scan
  prescreened 32 -> 4 per target in 10s
dir_path /home/ccamp104/.cache/atomgptlab/alignn_ff/matpes_r2scan
dir_path /home/ccamp104/.cache/atomgptlab/alignn_ff/matpes_r2scan
dir_path /home/ccamp104/.cache/atomgptlab/alignn_ff/matpes_r2scan
dir_path /home/ccamp104/.cache/atomgptlab/alignn_ff/matpes_r2scan
dir_path /home/ccamp104/.cache/atomgptlab/alignn_ff/matpes_r2scan
dir_path /home/ccamp104/.cache/atomgptlab/alignn_ff/matpes_r2scan
dir_path /home/ccamp104/.cache/atomgptlab/alignn_ff/matpes_r2scan
dir_path /home/ccamp104/.cache/atomgptlab/alignn_ff/matpes_r2scan
dir_path /home/ccamp104/.cache/atomgptlab/alignn_ff/matpes_r2scan
dir_path /home/ccamp104/.cache/atomgptlab/alignn_ff/matpes_r2scan
dir_path /home/ccamp104/.cache/atomgptlab/alignn_ff/matpes_r2scan
dir_path /home/ccamp104/.cache/atomgptlab/alignn_ff/matpes_r2scan
dir_path /home/ccamp104/.cache/atomgptlab/alignn_ff/matpes_r2scan
dir_path /home/ccamp104/.cache/atomgptlab/alignn_ff/matpes_r2scan
dir_path /home/ccamp104/.cache/atomgptlab/alignn_ff/matpes_r2scan
dir_path /home/ccamp104/.cache/atomgptlab/alignn_ff/matpes_r2scan
  relax/rank done in 249s
  best candidate converged for 100/103 targets
wrote /data/ccamp104/alignn_csp_lgmatrix/jarvis/train/jarvis_nolg_b3/seed0/bench/nosym/pred.csv (103 rows)
[jarvis_nolg_b3-seed0/generate] done in 936s
[jarvis_nolg_b3-seed0/symmetrize] $ bash /home/ccamp104/repositories/alignn-csp-ablation/alignn/scripts/atombench/symmetrize.sh --csv /data/ccamp104/alignn_csp_lgmatrix/jarvis/train/jarvis_nolg_b3/seed0/bench/nosym/pred.csv --out /data/ccamp104/alignn_csp_lgmatrix/jarvis/train/jarvis_nolg_b3/seed0/bench/sym/pred.csv --symprec 0.1
symprec=0.1: changed 103 rows -> /data/ccamp104/alignn_csp_lgmatrix/jarvis/train/jarvis_nolg_b3/seed0/bench/sym/pred.csv
[jarvis_nolg_b3-seed0/symmetrize] done in 3s
[jarvis_nolg_b3-seed0/score-nosym] $ bash /home/ccamp104/repositories/alignn-csp-ablation/alignn/scripts/atombench/score.sh /data/ccamp104/alignn_csp_lgmatrix/jarvis/train/jarvis_nolg_b3/seed0/bench/nosym/pred.csv
=== /data/ccamp104/alignn_csp_lgmatrix/jarvis/train/jarvis_nolg_b3/seed0/bench/nosym/pred.csv
  match_rate  0.466019   (48/103)
  RMSD        0.028304
  ccRMSD      0.4891848762368035
  MAE abc     0.5021
  MAE angles  17.8545
  KLD mean    0.0338
[jarvis_nolg_b3-seed0/score-nosym] done in 4s
[jarvis_nolg_b3-seed0/score-sym] $ bash /home/ccamp104/repositories/alignn-csp-ablation/alignn/scripts/atombench/score.sh /data/ccamp104/alignn_csp_lgmatrix/jarvis/train/jarvis_nolg_b3/seed0/bench/sym/pred.csv
=== /data/ccamp104/alignn_csp_lgmatrix/jarvis/train/jarvis_nolg_b3/seed0/bench/sym/pred.csv
  match_rate  0.466019   (48/103)
  RMSD        0.02758
  ccRMSD      0.4922483878843094
  MAE abc     0.5019
  MAE angles  10.7261
  KLD mean    0.0240
[jarvis_nolg_b3-seed0/score-sym] done in 3s

1 unit(s) complete.
summarise with: python task_runners/run_task.py lg-angle-state-matrix --aggregate
