gpu_sampler: device 'NVIDIA GB10'
gpu_sampler: pid 2288325 -> /home/ccamp104/repositories/alignn-csp-ablation/supercon-alex-bond-angle-diffusion-line-graph-ablations-sep-2-2026/results/alex/2026-09-02_lgmatrix/_gputrace/csp-lg-angle-matrix-alex-u0__12962__0.csv
repo:      /home/ccamp104/repositories/alignn-csp-ablation/alignn
runs:      /data/ccamp104/alignn_csp_lgmatrix/jarvis
python:    /data/ccamp104/envs/alignn2/bin/python
host:      atomgptlab04.wse.jhu.edu
job:       12962 array element none

=== unit alex_nolg-seed0  ->  /data/ccamp104/alignn_csp_lgmatrix/alex/train/alex_nolg/seed0
[alex_nolg-seed0/train] $ python -u -m alignn.inverse.train_csp --data-dir /data/ccamp104/alignn_csp_lgmatrix/alex/data/alex --output /data/ccamp104/alignn_csp_lgmatrix/alex/train/alex_nolg/seed0 --epochs 1000 --seed 0 --ablation A0 --alignn-layers 0 --gcn-layers 9 --hidden-features 256 --knn 12 --num-steps 1000 --batch-size 64 --lr 1e-3 --augment 0 --device cuda --log-every 25 --select-on structural
train=6603 val=825
normalizer: {"lattice_mean": [0.9141413569450378, 0.9141413569450378, 0.9141413569450378, 0.0, 0.0, 0.0], "lattice_std": [0.26006534695625305, 0.26006534695625305, 0.26006534695625305, 0.20201514661312103, 0.20201514661312103, 0.20201514661312103], "prop_mean": 2.454956837375865, "prop_std": 4.082666975406004}
ablation A0: baseline: current ALIGNN 2.0 diffusion, angles as features only
denoiser: {"hidden_features": 256, "alignn_layers": 0, "gcn_layers": 9, "knn": 12, "num_steps": 1000, "angle_diffusion": false, "topology": "knn", "gate_pair_messages": false, "angle_feedback": true, "angle_mode": "off", "angle_state_basis": "fourier", "angle_state_harmonics": 8}
parameters: 3.75M  modalities: ['prop', 'composition']
epoch     1  train 8.9021 (lat 0.9814 frac 0.7921)  val 9.3170 (lat 0.9835 frac 0.8333)  best 9.3170  3s
    frac  vs baseline: [1-300) 0.987->0.985  [300-600) 0.987->0.986  [600-800) 0.954->0.953  [800-1000) 0.249->0.249
epoch    25  train 6.9378 (lat 0.2609 frac 0.6677)  val 6.9290 (lat 0.2799 frac 0.6649)  best 6.9290  92s
    frac  vs baseline: [1-300) 0.987->0.734  [300-600) 0.987->0.761  [600-800) 0.954->0.846  [800-1000) 0.249->0.246
epoch    50  train 6.8391 (lat 0.2226 frac 0.6616)  val 6.6697 (lat 0.1937 frac 0.6476)  best 6.6697  194s
    frac  vs baseline: [1-300) 0.987->0.703  [300-600) 0.987->0.734  [600-800) 0.954->0.839  [800-1000) 0.249->0.245
epoch    75  train 6.5412 (lat 0.1641 frac 0.6377)  val 6.4142 (lat 0.1438 frac 0.6270)  best 6.4142  295s
    frac  vs baseline: [1-300) 0.987->0.670  [300-600) 0.987->0.704  [600-800) 0.954->0.830  [800-1000) 0.249->0.245
epoch   100  train 6.3493 (lat 0.1407 frac 0.6209)  val 6.0696 (lat 0.1180 frac 0.5952)  best 6.0696  397s
    frac  vs baseline: [1-300) 0.987->0.627  [300-600) 0.987->0.665  [600-800) 0.954->0.819  [800-1000) 0.249->0.245
epoch   125  train 6.1006 (lat 0.1220 frac 0.5979)  val 6.0077 (lat 0.1042 frac 0.5903)  best 6.0077  496s
    frac  vs baseline: [1-300) 0.987->0.610  [300-600) 0.987->0.655  [600-800) 0.954->0.809  [800-1000) 0.249->0.244
epoch   150  train 5.9250 (lat 0.1122 frac 0.5813)  val 5.9858 (lat 0.0966 frac 0.5889)  best 5.9827  593s
    frac  vs baseline: [1-300) 0.987->0.593  [300-600) 0.987->0.637  [600-800) 0.954->0.800  [800-1000) 0.249->0.244
epoch   175  train 5.7878 (lat 0.1046 frac 0.5683)  val 5.9372 (lat 0.0937 frac 0.5844)  best 5.9343  682s
    frac  vs baseline: [1-300) 0.987->0.581  [300-600) 0.987->0.622  [600-800) 0.954->0.792  [800-1000) 0.249->0.244
epoch   200  train 5.6568 (lat 0.0990 frac 0.5558)  val 5.8902 (lat 0.0919 frac 0.5798)  best 5.8863  776s
    frac  vs baseline: [1-300) 0.987->0.575  [300-600) 0.987->0.615  [600-800) 0.954->0.788  [800-1000) 0.249->0.244
epoch   225  train 5.5351 (lat 0.0923 frac 0.5443)  val 5.7870 (lat 0.0913 frac 0.5696)  best 5.7751  876s
    frac  vs baseline: [1-300) 0.987->0.572  [300-600) 0.987->0.605  [600-800) 0.954->0.786  [800-1000) 0.249->0.244
epoch   250  train 5.4285 (lat 0.0896 frac 0.5339)  val 5.7686 (lat 0.0923 frac 0.5676)  best 5.7599  974s
    frac  vs baseline: [1-300) 0.987->0.568  [300-600) 0.987->0.604  [600-800) 0.954->0.784  [800-1000) 0.249->0.244
epoch   275  train 5.3023 (lat 0.0864 frac 0.5216)  val 5.7353 (lat 0.0912 frac 0.5644)  best 5.7279  1073s
    frac  vs baseline: [1-300) 0.987->0.568  [300-600) 0.987->0.601  [600-800) 0.954->0.786  [800-1000) 0.249->0.244
epoch   300  train 5.1746 (lat 0.0831 frac 0.5092)  val 5.7248 (lat 0.0949 frac 0.5630)  best 5.7178  1170s
    frac  vs baseline: [1-300) 0.987->0.570  [300-600) 0.987->0.604  [600-800) 0.954->0.789  [800-1000) 0.249->0.244
epoch   325  train 5.0487 (lat 0.0798 frac 0.4969)  val 5.7711 (lat 0.0983 frac 0.5673)  best 5.7178  1267s
    frac  vs baseline: [1-300) 0.987->0.575  [300-600) 0.987->0.611  [600-800) 0.954->0.794  [800-1000) 0.249->0.244
epoch   350  train 4.9054 (lat 0.0800 frac 0.4825)  val 5.8521 (lat 0.0989 frac 0.5753)  best 5.7178  1364s
    frac  vs baseline: [1-300) 0.987->0.586  [300-600) 0.987->0.620  [600-800) 0.954->0.805  [800-1000) 0.249->0.245
epoch   375  train 4.7507 (lat 0.0794 frac 0.4671)  val 5.9315 (lat 0.0990 frac 0.5833)  best 5.7178  1461s
    frac  vs baseline: [1-300) 0.987->0.597  [300-600) 0.987->0.631  [600-800) 0.954->0.817  [800-1000) 0.249->0.245
epoch   400  train 4.5902 (lat 0.0772 frac 0.4513)  val 6.0013 (lat 0.1001 frac 0.5901)  best 5.7178  1558s
    frac  vs baseline: [1-300) 0.987->0.604  [300-600) 0.987->0.644  [600-800) 0.954->0.829  [800-1000) 0.249->0.245
epoch   425  train 4.4480 (lat 0.0753 frac 0.4373)  val 6.0701 (lat 0.1032 frac 0.5967)  best 5.7178  1655s
    frac  vs baseline: [1-300) 0.987->0.616  [300-600) 0.987->0.654  [600-800) 0.954->0.845  [800-1000) 0.249->0.245
epoch   450  train 4.2948 (lat 0.0756 frac 0.4219)  val 6.2235 (lat 0.1057 frac 0.6118)  best 5.7178  1752s
    frac  vs baseline: [1-300) 0.987->0.627  [300-600) 0.987->0.669  [600-800) 0.954->0.863  [800-1000) 0.249->0.246
epoch   475  train 4.1525 (lat 0.0741 frac 0.4078)  val 6.3292 (lat 0.1078 frac 0.6221)  best 5.7178  1849s
    frac  vs baseline: [1-300) 0.987->0.633  [300-600) 0.987->0.675  [600-800) 0.954->0.880  [800-1000) 0.249->0.247
epoch   500  train 4.0139 (lat 0.0723 frac 0.3942)  val 6.4303 (lat 0.1067 frac 0.6324)  best 5.7178  1946s
    frac  vs baseline: [1-300) 0.987->0.647  [300-600) 0.987->0.682  [600-800) 0.954->0.894  [800-1000) 0.249->0.249
epoch   525  train 3.8810 (lat 0.0726 frac 0.3808)  val 6.5004 (lat 0.1097 frac 0.6391)  best 5.7178  2043s
    frac  vs baseline: [1-300) 0.987->0.657  [300-600) 0.987->0.697  [600-800) 0.954->0.920  [800-1000) 0.249->0.251
epoch   550  train 3.7639 (lat 0.0707 frac 0.3693)  val 6.6732 (lat 0.1113 frac 0.6562)  best 5.7178  2140s
    frac  vs baseline: [1-300) 0.987->0.670  [300-600) 0.987->0.709  [600-800) 0.954->0.937  [800-1000) 0.249->0.252
epoch   575  train 3.6353 (lat 0.0709 frac 0.3564)  val 6.8117 (lat 0.1107 frac 0.6701)  best 5.7178  2237s
    frac  vs baseline: [1-300) 0.987->0.682  [300-600) 0.987->0.719  [600-800) 0.954->0.963  [800-1000) 0.249->0.254
epoch   600  train 3.5322 (lat 0.0702 frac 0.3462)  val 6.9379 (lat 0.1112 frac 0.6827)  best 5.7178  2334s
    frac  vs baseline: [1-300) 0.987->0.695  [300-600) 0.987->0.735  [600-800) 0.954->0.980  [800-1000) 0.249->0.257
epoch   625  train 3.4423 (lat 0.0686 frac 0.3374)  val 7.0156 (lat 0.1126 frac 0.6903)  best 5.7178  2431s
    frac  vs baseline: [1-300) 0.987->0.709  [300-600) 0.987->0.754  [600-800) 0.954->0.999  [800-1000) 0.249->0.259
epoch   650  train 3.3568 (lat 0.0663 frac 0.3290)  val 7.1501 (lat 0.1141 frac 0.7036)  best 5.7178  2528s
    frac  vs baseline: [1-300) 0.987->0.721  [300-600) 0.987->0.768  [600-800) 0.954->1.016  [800-1000) 0.249->0.260
epoch   675  train 3.2712 (lat 0.0648 frac 0.3206)  val 7.2895 (lat 0.1148 frac 0.7175)  best 5.7178  2590s
    frac  vs baseline: [1-300) 0.987->0.732  [300-600) 0.987->0.784  [600-800) 0.954->1.033  [800-1000) 0.249->0.263
epoch   700  train 3.1955 (lat 0.0620 frac 0.3133)  val 7.4082 (lat 0.1153 frac 0.7293)  best 5.7178  2688s
    frac  vs baseline: [1-300) 0.987->0.744  [300-600) 0.987->0.803  [600-800) 0.954->1.052  [800-1000) 0.249->0.265
epoch   725  train 3.1363 (lat 0.0607 frac 0.3076)  val 7.4803 (lat 0.1163 frac 0.7364)  best 5.7178  2787s
    frac  vs baseline: [1-300) 0.987->0.759  [300-600) 0.987->0.810  [600-800) 0.954->1.072  [800-1000) 0.249->0.267
epoch   750  train 3.0690 (lat 0.0594 frac 0.3010)  val 7.5676 (lat 0.1175 frac 0.7450)  best 5.7178  2886s
    frac  vs baseline: [1-300) 0.987->0.769  [300-600) 0.987->0.816  [600-800) 0.954->1.089  [800-1000) 0.249->0.269
epoch   775  train 3.0186 (lat 0.0582 frac 0.2960)  val 7.6807 (lat 0.1180 frac 0.7563)  best 5.7178  2986s
    frac  vs baseline: [1-300) 0.987->0.782  [300-600) 0.987->0.825  [600-800) 0.954->1.105  [800-1000) 0.249->0.270
epoch   800  train 2.9933 (lat 0.0573 frac 0.2936)  val 7.7696 (lat 0.1182 frac 0.7651)  best 5.7178  3084s
    frac  vs baseline: [1-300) 0.987->0.791  [300-600) 0.987->0.832  [600-800) 0.954->1.120  [800-1000) 0.249->0.271
epoch   825  train 2.9780 (lat 0.0562 frac 0.2922)  val 7.8154 (lat 0.1182 frac 0.7697)  best 5.7178  3184s
    frac  vs baseline: [1-300) 0.987->0.796  [300-600) 0.987->0.837  [600-800) 0.954->1.131  [800-1000) 0.249->0.272
epoch   850  train 2.9693 (lat 0.0552 frac 0.2914)  val 7.8437 (lat 0.1181 frac 0.7726)  best 5.7178  3283s
    frac  vs baseline: [1-300) 0.987->0.802  [300-600) 0.987->0.839  [600-800) 0.954->1.139  [800-1000) 0.249->0.273
epoch   875  train 2.9700 (lat 0.0541 frac 0.2916)  val 7.8609 (lat 0.1180 frac 0.7743)  best 5.7178  3383s
    frac  vs baseline: [1-300) 0.987->0.802  [300-600) 0.987->0.838  [600-800) 0.954->1.142  [800-1000) 0.249->0.274
epoch   900  train 2.9922 (lat 0.0533 frac 0.2939)  val 7.8502 (lat 0.1179 frac 0.7732)  best 5.7178  3481s
    frac  vs baseline: [1-300) 0.987->0.802  [300-600) 0.987->0.836  [600-800) 0.954->1.139  [800-1000) 0.249->0.274
epoch   925  train 3.0164 (lat 0.0526 frac 0.2964)  val 7.8092 (lat 0.1180 frac 0.7691)  best 5.7178  3580s
    frac  vs baseline: [1-300) 0.987->0.798  [300-600) 0.987->0.832  [600-800) 0.954->1.131  [800-1000) 0.249->0.274
epoch   950  train 3.0648 (lat 0.0516 frac 0.3013)  val 7.7352 (lat 0.1182 frac 0.7617)  best 5.7178  3679s
    frac  vs baseline: [1-300) 0.987->0.793  [300-600) 0.987->0.826  [600-800) 0.954->1.119  [800-1000) 0.249->0.273
epoch   975  train 3.1650 (lat 0.0508 frac 0.3114)  val 7.6681 (lat 0.1181 frac 0.7550)  best 5.7178  3778s
    frac  vs baseline: [1-300) 0.987->0.784  [300-600) 0.987->0.816  [600-800) 0.954->1.104  [800-1000) 0.249->0.272
epoch  1000  train 3.1011 (lat 0.0500 frac 0.3051)  val 7.6619 (lat 0.1180 frac 0.7544)  best 5.7178  3877s
    frac  vs baseline: [1-300) 0.987->0.783  [300-600) 0.987->0.814  [600-800) 0.954->1.100  [800-1000) 0.249->0.272
done in 3878s  best structural val 5.7178 at epoch 298
[alex_nolg-seed0/train] done in 3883s
[alex_nolg-seed0/generate] $ python -u /home/ccamp104/repositories/alignn-csp-ablation/alignn/scripts/atombench/generate_benchmark.py --checkpoint /data/ccamp104/alignn_csp_lgmatrix/alex/train/alex_nolg/seed0/best_model.pt --data-dir /data/ccamp104/alignn_csp_lgmatrix/alex/data/alex --split test --output-csv /data/ccamp104/alignn_csp_lgmatrix/alex/train/alex_nolg/seed0/bench/nosym/pred.csv --num-candidates 32 --guidance 2.0 --relax cell --rank energy --relax-steps 200 --seed 0 --device cuda --save-candidates /data/ccamp104/alignn_csp_lgmatrix/alex/train/alex_nolg/seed0/bench/nosym/candidates.json --prescreen-keep 4 --relax-workers 16
model modalities=['prop', 'composition'] active=all
825 targets, 32 candidates each
  sampled chunk 1/30 (928 structures, 118s)
  sampled chunk 2/30 (960 structures, 237s)
  sampled chunk 3/30 (1000 structures, 350s)
  sampled chunk 4/30 (856 structures, 482s)
  sampled chunk 5/30 (912 structures, 600s)
  sampled chunk 6/30 (864 structures, 726s)
  sampled chunk 7/30 (858 structures, 854s)
  sampled chunk 8/30 (846 structures, 983s)
  sampled chunk 9/30 (927 structures, 1101s)
  sampled chunk 10/30 (863 structures, 1228s)
  sampled chunk 11/30 (905 structures, 1349s)
  sampled chunk 12/30 (854 structures, 1476s)
  sampled chunk 13/30 (808 structures, 1610s)
  sampled chunk 14/30 (896 structures, 1731s)
  sampled chunk 15/30 (927 structures, 1856s)
  sampled chunk 16/30 (940 structures, 1972s)
  sampled chunk 17/30 (896 structures, 2093s)
  sampled chunk 18/30 (893 structures, 2218s)
  sampled chunk 19/30 (870 structures, 2344s)
  sampled chunk 20/30 (902 structures, 2467s)
  sampled chunk 21/30 (801 structures, 2603s)
  sampled chunk 22/30 (824 structures, 2735s)
  sampled chunk 23/30 (856 structures, 2861s)
  sampled chunk 24/30 (959 structures, 2977s)
  sampled chunk 25/30 (823 structures, 3107s)
  sampled chunk 26/30 (897 structures, 3231s)
  sampled chunk 27/30 (918 structures, 3350s)
  sampled chunk 28/30 (936 structures, 3465s)
  sampled chunk 29/30 (888 structures, 3590s)
  sampled chunk 30/30 (593 structures, 3682s)
dir_path /home/ccamp104/.cache/atomgptlab/alignn_ff/matpes_r2scan
dir_path /home/ccamp104/.cache/atomgptlab/alignn_ff/matpes_r2scan
dir_path /home/ccamp104/.cache/atomgptlab/alignn_ff/matpes_r2scan
dir_path /home/ccamp104/.cache/atomgptlab/alignn_ff/matpes_r2scan
dir_path /home/ccamp104/.cache/atomgptlab/alignn_ff/matpes_r2scan
dir_path /home/ccamp104/.cache/atomgptlab/alignn_ff/matpes_r2scan
dir_path /home/ccamp104/.cache/atomgptlab/alignn_ff/matpes_r2scan
dir_path /home/ccamp104/.cache/atomgptlab/alignn_ff/matpes_r2scan
dir_path /home/ccamp104/.cache/atomgptlab/alignn_ff/matpes_r2scan
dir_path /home/ccamp104/.cache/atomgptlab/alignn_ff/matpes_r2scan
dir_path /home/ccamp104/.cache/atomgptlab/alignn_ff/matpes_r2scan
dir_path /home/ccamp104/.cache/atomgptlab/alignn_ff/matpes_r2scan
dir_path /home/ccamp104/.cache/atomgptlab/alignn_ff/matpes_r2scan
dir_path /home/ccamp104/.cache/atomgptlab/alignn_ff/matpes_r2scan
dir_path /home/ccamp104/.cache/atomgptlab/alignn_ff/matpes_r2scan
dir_path /home/ccamp104/.cache/atomgptlab/alignn_ff/matpes_r2scan
  prescreened 32 -> 4 per target in 46s
dir_path /home/ccamp104/.cache/atomgptlab/alignn_ff/matpes_r2scan
dir_path /home/ccamp104/.cache/atomgptlab/alignn_ff/matpes_r2scan
dir_path /home/ccamp104/.cache/atomgptlab/alignn_ff/matpes_r2scan
dir_path /home/ccamp104/.cache/atomgptlab/alignn_ff/matpes_r2scan
dir_path /home/ccamp104/.cache/atomgptlab/alignn_ff/matpes_r2scan
dir_path /home/ccamp104/.cache/atomgptlab/alignn_ff/matpes_r2scan
dir_path /home/ccamp104/.cache/atomgptlab/alignn_ff/matpes_r2scan
dir_path /home/ccamp104/.cache/atomgptlab/alignn_ff/matpes_r2scan
dir_path /home/ccamp104/.cache/atomgptlab/alignn_ff/matpes_r2scan
dir_path /home/ccamp104/.cache/atomgptlab/alignn_ff/matpes_r2scan
dir_path /home/ccamp104/.cache/atomgptlab/alignn_ff/matpes_r2scan
dir_path /home/ccamp104/.cache/atomgptlab/alignn_ff/matpes_r2scan
dir_path /home/ccamp104/.cache/atomgptlab/alignn_ff/matpes_r2scan
dir_path /home/ccamp104/.cache/atomgptlab/alignn_ff/matpes_r2scan
dir_path /home/ccamp104/.cache/atomgptlab/alignn_ff/matpes_r2scan
dir_path /home/ccamp104/.cache/atomgptlab/alignn_ff/matpes_r2scan
  relax/rank done in 1031s
  best candidate converged for 818/825 targets
wrote /data/ccamp104/alignn_csp_lgmatrix/alex/train/alex_nolg/seed0/bench/nosym/pred.csv (825 rows)
[alex_nolg-seed0/generate] done in 4722s
[alex_nolg-seed0/symmetrize] $ bash /home/ccamp104/repositories/alignn-csp-ablation/alignn/scripts/atombench/symmetrize.sh --csv /data/ccamp104/alignn_csp_lgmatrix/alex/train/alex_nolg/seed0/bench/nosym/pred.csv --out /data/ccamp104/alignn_csp_lgmatrix/alex/train/alex_nolg/seed0/bench/sym/pred.csv --symprec 0.1
symprec=0.1: changed 825 rows -> /data/ccamp104/alignn_csp_lgmatrix/alex/train/alex_nolg/seed0/bench/sym/pred.csv
[alex_nolg-seed0/symmetrize] done in 6s
[alex_nolg-seed0/score-nosym] $ bash /home/ccamp104/repositories/alignn-csp-ablation/alignn/scripts/atombench/score.sh /data/ccamp104/alignn_csp_lgmatrix/alex/train/alex_nolg/seed0/bench/nosym/pred.csv
=== /data/ccamp104/alignn_csp_lgmatrix/alex/train/alex_nolg/seed0/bench/nosym/pred.csv
  match_rate  0.6   (495/825)
  RMSD        0.034642
  ccRMSD      0.3032599550425883
  MAE abc     0.4846
  MAE angles  12.9852
  KLD mean    0.0265
[alex_nolg-seed0/score-nosym] done in 11s
[alex_nolg-seed0/score-sym] $ bash /home/ccamp104/repositories/alignn-csp-ablation/alignn/scripts/atombench/score.sh /data/ccamp104/alignn_csp_lgmatrix/alex/train/alex_nolg/seed0/bench/sym/pred.csv
=== /data/ccamp104/alignn_csp_lgmatrix/alex/train/alex_nolg/seed0/bench/sym/pred.csv
  match_rate  0.589091   (486/825)
  RMSD        0.026595
  ccRMSD      0.3038214457486031
  MAE abc     0.4845
  MAE angles  8.2832
  KLD mean    0.0200
[alex_nolg-seed0/score-sym] done in 9s

1 unit(s) complete.
summarise with: python task_runners/run_task.py lg-angle-matrix-alex --aggregate
